Archive member included to satisfy reference by file (symbol)

C:/ST/STM32CubeCLT_1.17.0/GNU-tools-for-STM32/bin/../lib/gcc/arm-none-eabi/12.3.1/../../../../arm-none-eabi/lib/thumb/v6-m/nofp\libc_nano.a(libc_a-exit.o)
                              C:/ST/STM32CubeCLT_1.17.0/GNU-tools-for-STM32/bin/../lib/gcc/arm-none-eabi/12.3.1/../../../../arm-none-eabi/lib/thumb/v6-m/nofp/crt0.o (exit)
C:/ST/STM32CubeCLT_1.17.0/GNU-tools-for-STM32/bin/../lib/gcc/arm-none-eabi/12.3.1/../../../../arm-none-eabi/lib/thumb/v6-m/nofp\libc_nano.a(libc_a-findfp.o)
                              C:/ST/STM32CubeCLT_1.17.0/GNU-tools-for-STM32/bin/../lib/gcc/arm-none-eabi/12.3.1/../../../../arm-none-eabi/lib/thumb/v6-m/nofp\libc_nano.a(libc_a-exit.o) (__stdio_exit_handler)
C:/ST/STM32CubeCLT_1.17.0/GNU-tools-for-STM32/bin/../lib/gcc/arm-none-eabi/12.3.1/../../../../arm-none-eabi/lib/thumb/v6-m/nofp\libc_nano.a(libc_a-fwalk.o)
                              C:/ST/STM32CubeCLT_1.17.0/GNU-tools-for-STM32/bin/../lib/gcc/arm-none-eabi/12.3.1/../../../../arm-none-eabi/lib/thumb/v6-m/nofp\libc_nano.a(libc_a-findfp.o) (_fwalk_sglue)
C:/ST/STM32CubeCLT_1.17.0/GNU-tools-for-STM32/bin/../lib/gcc/arm-none-eabi/12.3.1/../../../../arm-none-eabi/lib/thumb/v6-m/nofp\libc_nano.a(libc_a-stdio.o)
                              C:/ST/STM32CubeCLT_1.17.0/GNU-tools-for-STM32/bin/../lib/gcc/arm-none-eabi/12.3.1/../../../../arm-none-eabi/lib/thumb/v6-m/nofp\libc_nano.a(libc_a-findfp.o) (__sread)
C:/ST/STM32CubeCLT_1.17.0/GNU-tools-for-STM32/bin/../lib/gcc/arm-none-eabi/12.3.1/../../../../arm-none-eabi/lib/thumb/v6-m/nofp\libc_nano.a(libc_a-memset.o)
                              C:/ST/STM32CubeCLT_1.17.0/GNU-tools-for-STM32/bin/../lib/gcc/arm-none-eabi/12.3.1/../../../../arm-none-eabi/lib/thumb/v6-m/nofp/crt0.o (memset)
C:/ST/STM32CubeCLT_1.17.0/GNU-tools-for-STM32/bin/../lib/gcc/arm-none-eabi/12.3.1/../../../../arm-none-eabi/lib/thumb/v6-m/nofp\libc_nano.a(libc_a-closer.o)
                              C:/ST/STM32CubeCLT_1.17.0/GNU-tools-for-STM32/bin/../lib/gcc/arm-none-eabi/12.3.1/../../../../arm-none-eabi/lib/thumb/v6-m/nofp\libc_nano.a(libc_a-stdio.o) (_close_r)
C:/ST/STM32CubeCLT_1.17.0/GNU-tools-for-STM32/bin/../lib/gcc/arm-none-eabi/12.3.1/../../../../arm-none-eabi/lib/thumb/v6-m/nofp\libc_nano.a(libc_a-reent.o)
                              C:/ST/STM32CubeCLT_1.17.0/GNU-tools-for-STM32/bin/../lib/gcc/arm-none-eabi/12.3.1/../../../../arm-none-eabi/lib/thumb/v6-m/nofp\libc_nano.a(libc_a-closer.o) (errno)
C:/ST/STM32CubeCLT_1.17.0/GNU-tools-for-STM32/bin/../lib/gcc/arm-none-eabi/12.3.1/../../../../arm-none-eabi/lib/thumb/v6-m/nofp\libc_nano.a(libc_a-impure.o)
                              C:/ST/STM32CubeCLT_1.17.0/GNU-tools-for-STM32/bin/../lib/gcc/arm-none-eabi/12.3.1/../../../../arm-none-eabi/lib/thumb/v6-m/nofp\libc_nano.a(libc_a-reent.o) (_impure_ptr)
C:/ST/STM32CubeCLT_1.17.0/GNU-tools-for-STM32/bin/../lib/gcc/arm-none-eabi/12.3.1/../../../../arm-none-eabi/lib/thumb/v6-m/nofp\libc_nano.a(libc_a-lseekr.o)
                              C:/ST/STM32CubeCLT_1.17.0/GNU-tools-for-STM32/bin/../lib/gcc/arm-none-eabi/12.3.1/../../../../arm-none-eabi/lib/thumb/v6-m/nofp\libc_nano.a(libc_a-stdio.o) (_lseek_r)
C:/ST/STM32CubeCLT_1.17.0/GNU-tools-for-STM32/bin/../lib/gcc/arm-none-eabi/12.3.1/../../../../arm-none-eabi/lib/thumb/v6-m/nofp\libc_nano.a(libc_a-readr.o)
                              C:/ST/STM32CubeCLT_1.17.0/GNU-tools-for-STM32/bin/../lib/gcc/arm-none-eabi/12.3.1/../../../../arm-none-eabi/lib/thumb/v6-m/nofp\libc_nano.a(libc_a-stdio.o) (_read_r)
C:/ST/STM32CubeCLT_1.17.0/GNU-tools-for-STM32/bin/../lib/gcc/arm-none-eabi/12.3.1/../../../../arm-none-eabi/lib/thumb/v6-m/nofp\libc_nano.a(libc_a-writer.o)
                              C:/ST/STM32CubeCLT_1.17.0/GNU-tools-for-STM32/bin/../lib/gcc/arm-none-eabi/12.3.1/../../../../arm-none-eabi/lib/thumb/v6-m/nofp\libc_nano.a(libc_a-stdio.o) (_write_r)
C:/ST/STM32CubeCLT_1.17.0/GNU-tools-for-STM32/bin/../lib/gcc/arm-none-eabi/12.3.1/../../../../arm-none-eabi/lib/thumb/v6-m/nofp\libc_nano.a(libc_a-init.o)
                              C:/ST/STM32CubeCLT_1.17.0/GNU-tools-for-STM32/bin/../lib/gcc/arm-none-eabi/12.3.1/../../../../arm-none-eabi/lib/thumb/v6-m/nofp/crt0.o (__libc_init_array)
C:/ST/STM32CubeCLT_1.17.0/GNU-tools-for-STM32/bin/../lib/gcc/arm-none-eabi/12.3.1/../../../../arm-none-eabi/lib/thumb/v6-m/nofp\libc_nano.a(libc_a-lock.o)
                              C:/ST/STM32CubeCLT_1.17.0/GNU-tools-for-STM32/bin/../lib/gcc/arm-none-eabi/12.3.1/../../../../arm-none-eabi/lib/thumb/v6-m/nofp\libc_nano.a(libc_a-findfp.o) (__retarget_lock_init_recursive)
C:/ST/STM32CubeCLT_1.17.0/GNU-tools-for-STM32/bin/../lib/gcc/arm-none-eabi/12.3.1/../../../../arm-none-eabi/lib/thumb/v6-m/nofp\libc_nano.a(libc_a-freer.o)
                              C:/ST/STM32CubeCLT_1.17.0/GNU-tools-for-STM32/bin/../lib/gcc/arm-none-eabi/12.3.1/../../../../arm-none-eabi/lib/thumb/v6-m/nofp\libc_nano.a(libc_a-reent.o) (_free_r)
[...]
Memory Configuration

Name             Origin             Length             Attributes
RAM              0x20000000         0x00006000         xrw
FLASH            0x08000000         0x00020000         xr
*default*        0x00000000         0xffffffff

Linker script and memory map

LOAD C:/ST/STM32CubeCLT_1.17.0/GNU-tools-for-STM32/bin/../lib/gcc/arm-none-eabi/12.3.1/thumb/v6-m/nofp/crti.o
LOAD C:/ST/STM32CubeCLT_1.17.0/GNU-tools-for-STM32/bin/../lib/gcc/arm-none-eabi/12.3.1/thumb/v6-m/nofp/crtbegin.o
LOAD C:/ST/STM32CubeCLT_1.17.0/GNU-tools-for-STM32/bin/../lib/gcc/arm-none-eabi/12.3.1/../../../../arm-none-eabi/lib/thumb/v6-m/nofp/crt0.o
START GROUP
LOAD C:/ST/STM32CubeCLT_1.17.0/GNU-tools-for-STM32/bin/../lib/gcc/arm-none-eabi/12.3.1/../../../../arm-none-eabi/lib/thumb/v6-m/nofp\libc_nano.a
LOAD C:/ST/STM32CubeCLT_1.17.0/GNU-tools-for-STM32/bin/../lib/gcc/arm-none-eabi/12.3.1/../../../../arm-none-eabi/lib/thumb/v6-m/nofp\libm.a
END GROUP
LOAD CMakeFiles/battery_pack.dir/Core/Src/main.c.obj
LOAD CMakeFiles/battery_pack.dir/Core/Src/gpio.c.obj
LOAD CMakeFiles/battery_pack.dir/Core/Src/app_freertos.c.obj
LOAD CMakeFiles/battery_pack.dir/Core/Src/adc.c.obj
LOAD CMakeFiles/battery_pack.dir/Core/Src/fdcan.c.obj
LOAD CMakeFiles/battery_pack.dir/Core/Src/i2c.c.obj
LOAD CMakeFiles/battery_pack.dir/Core/Src/spi.c.obj
LOAD CMakeFiles/battery_pack.dir/Core/Src/usart.c.obj
LOAD CMakeFiles/battery_pack.dir/Core/Src/stm32c0xx_it.c.obj
LOAD CMakeFiles/battery_pack.dir/Core/Src/stm32c0xx_hal_msp.c.obj
LOAD CMakeFiles/battery_pack.dir/Core/Src/stm32c0xx_hal_timebase_tim.c.obj
LOAD CMakeFiles/battery_pack.dir/Drivers/STM32C0xx_HAL_Driver/Src/stm32c0xx_hal_tim.c.obj
LOAD CMakeFiles/battery_pack.dir/Drivers/STM32C0xx_HAL_Driver/Src/stm32c0xx_hal_tim_ex.c.obj
LOAD CMakeFiles/battery_pack.dir/Drivers/STM32C0xx_HAL_Driver/Src/stm32c0xx_hal.c.obj
LOAD CMakeFiles/battery_pack.dir/Drivers/STM32C0xx_HAL_Driver/Src/stm32c0xx_hal_adc.c.obj
LOAD CMakeFiles/battery_pack.dir/Drivers/STM32C0xx_HAL_Driver/Src/stm32c0xx_hal_adc_ex.c.obj
LOAD CMakeFiles/battery_pack.dir/Drivers/STM32C0xx_HAL_Driver/Src/stm32c0xx_hal_dma.c.obj
LOAD CMakeFiles/battery_pack.dir/Drivers/STM32C0xx_HAL_Driver/Src/stm32c0xx_hal_dma_ex.c.obj
LOAD CMakeFiles/battery_pack.dir/Drivers/STM32C0xx_HAL_Driver/Src/stm32c0xx_hal_rcc.c.obj
LOAD CMakeFiles/battery_pack.dir/Drivers/STM32C0xx_HAL_Driver/Src/stm32c0xx_hal_rcc_ex.c.obj
LOAD CMakeFiles/battery_pack.dir/Drivers/STM32C0xx_HAL_Driver/Src/stm32c0xx_hal_flash.c.obj
LOAD CMakeFiles/battery_pack.dir/Drivers/STM32C0xx_HAL_Driver/Src/stm32c0xx_hal_flash_ex.c.obj
LOAD CMakeFiles/battery_pack.dir/Drivers/STM32C0xx_HAL_Driver/Src/stm32c0xx_hal_gpio.c.obj
LOAD CMakeFiles/battery_pack.dir/Drivers/STM32C0xx_HAL_Driver/Src/stm32c0xx_hal_pwr.c.obj
LOAD CMakeFiles/battery_pack.dir/Drivers/STM32C0xx_HAL_Driver/Src/stm32c0xx_hal_pwr_ex.c.obj
LOAD CMakeFiles/battery_pack.dir/Drivers/STM32C0xx_HAL_Driver/Src/stm32c0xx_hal_cortex.c.obj
LOAD CMakeFiles/battery_pack.dir/Drivers/STM32C0xx_HAL_Driver/Src/stm32c0xx_hal_exti.c.obj
LOAD CMakeFiles/battery_pack.dir/Drivers/STM32C0xx_HAL_Driver/Src/stm32c0xx_hal_fdcan.c.obj
LOAD CMakeFiles/battery_pack.dir/Drivers/STM32C0xx_HAL_Driver/Src/stm32c0xx_hal_i2c.c.obj
LOAD CMakeFiles/battery_pack.dir/Drivers/STM32C0xx_HAL_Driver/Src/stm32c0xx_hal_i2c_ex.c.obj
LOAD CMakeFiles/battery_pack.dir/Drivers/STM32C0xx_HAL_Driver/Src/stm32c0xx_hal_spi.c.obj
LOAD CMakeFiles/battery_pack.dir/Drivers/STM32C0xx_HAL_Driver/Src/stm32c0xx_hal_spi_ex.c.obj
LOAD CMakeFiles/battery_pack.dir/Drivers/STM32C0xx_HAL_Driver/Src/stm32c0xx_hal_uart.c.obj
LOAD CMakeFiles/battery_pack.dir/Drivers/STM32C0xx_HAL_Driver/Src/stm32c0xx_hal_uart_ex.c.obj
LOAD CMakeFiles/battery_pack.dir/Core/Src/system_stm32c0xx.c.obj
LOAD CMakeFiles/battery_pack.dir/Middlewares/Third_Party/FreeRTOS/Source/croutine.c.obj
LOAD CMakeFiles/battery_pack.dir/Middlewares/Third_Party/FreeRTOS/Source/event_groups.c.obj
LOAD CMakeFiles/battery_pack.dir/Middlewares/Third_Party/FreeRTOS/Source/list.c.obj
LOAD CMakeFiles/battery_pack.dir/Middlewares/Third_Party/FreeRTOS/Source/queue.c.obj
LOAD CMakeFiles/battery_pack.dir/Middlewares/Third_Party/FreeRTOS/Source/stream_buffer.c.obj
LOAD CMakeFiles/battery_pack.dir/Middlewares/Third_Party/FreeRTOS/Source/tasks.c.obj
LOAD CMakeFiles/battery_pack.dir/Middlewares/Third_Party/FreeRTOS/Source/timers.c.obj
LOAD CMakeFiles/battery_pack.dir/Middlewares/Third_Party/FreeRTOS/Source/CMSIS_RTOS_V2/cmsis_os2.c.obj
LOAD CMakeFiles/battery_pack.dir/Middlewares/Third_Party/FreeRTOS/Source/portable/GCC/ARM_CM0/port.c.obj
LOAD CMakeFiles/battery_pack.dir/Middlewares/Third_Party/FreeRTOS/Source/portable/MemMang/heap_1.c.obj
LOAD CMakeFiles/battery_pack.dir/Core/Src/sysmem.c.obj
LOAD CMakeFiles/battery_pack.dir/Core/Src/syscalls.c.obj
LOAD CMakeFiles/battery_pack.dir/startup_stm32c092xx.s.obj
START GROUP
LOAD C:/ST/STM32CubeCLT_1.17.0/GNU-tools-for-STM32/bin/../lib/gcc/arm-none-eabi/12.3.1/thumb/v6-m/nofp\libgcc.a
LOAD C:/ST/STM32CubeCLT_1.17.0/GNU-tools-for-STM32/bin/../lib/gcc/arm-none-eabi/12.3.1/../../../../arm-none-eabi/lib/thumb/v6-m/nofp\libg_nano.a
LOAD C:/ST/STM32CubeCLT_1.17.0/GNU-tools-for-STM32/bin/../lib/gcc/arm-none-eabi/12.3.1/../../../../arm-none-eabi/lib/thumb/v6-m/nofp\libc_nano.a
END GROUP
START GROUP
LOAD C:/ST/STM32CubeCLT_1.17.0/GNU-tools-for-STM32/bin/../lib/gcc/arm-none-eabi/12.3.1/thumb/v6-m/nofp\libgcc.a
LOAD C:/ST/STM32CubeCLT_1.17.0/GNU-tools-for-STM32/bin/../lib/gcc/arm-none-eabi/12.3.1/../../../../arm-none-eabi/lib/thumb/v6-m/nofp\libc_nano.a
END GROUP
LOAD C:/ST/STM32CubeCLT_1.17.0/GNU-tools-for-STM32/bin/../lib/gcc/arm-none-eabi/12.3.1/thumb/v6-m/nofp/crtend.o
LOAD C:/ST/STM32CubeCLT_1.17.0/GNU-tools-for-STM32/bin/../lib/gcc/arm-none-eabi/12.3.1/thumb/v6-m/nofp/crtn.o
                0x20006000                        _estack = (ORIGIN (RAM) + LENGTH (RAM))
                0x00000200                        _Min_Heap_Size = 0x200
                0x00000400                        _Min_Stack_Size = 0x400

.isr_vector     0x08000000       0xc0
                0x08000000                        . = ALIGN (0x4)
 *(.isr_vector)
 .isr_vector    0x08000000       0xc0 CMakeFiles/battery_pack.dir/startup_stm32c092xx.s.obj
                0x08000000                g_pfnVectors
                0x080000c0                        . = ALIGN (0x4)

.text           0x080000c0     0x70ac
                0x080000c0                        . = ALIGN (0x4)
 *(.text)
 .text          0x080000c0       0x48 C:/ST/STM32CubeCLT_1.17.0/GNU-tools-for-STM32/bin/../lib/gcc/arm-none-eabi/12.3.1/thumb/v6-m/nofp/crtbegin.o
 .text          0x08000108      0x114 C:/ST/STM32CubeCLT_1.17.0/GNU-tools-for-STM32/bin/../lib/gcc/arm-none-eabi/12.3.1/thumb/v6-m/nofp\libgcc.a(_udivsi3.o)
                0x08000108                __aeabi_uidiv
                0x08000108                __udivsi3
                0x08000214                __aeabi_uidivmod
 .text          0x0800021c        0x4 C:/ST/STM32CubeCLT_1.17.0/GNU-tools-for-STM32/bin/../lib/gcc/arm-none-eabi/12.3.1/thumb/v6-m/nofp\libgcc.a(_dvmd_tls.o)
                0x0800021c                __aeabi_idiv0
                0x0800021c                __aeabi_ldiv0
 *(.text*)
 .text.memset   0x08000220       0x10 C:/ST/STM32CubeCLT_1.17.0/GNU-tools-for-STM32/bin/../lib/gcc/arm-none-eabi/12.3.1/../../../../arm-none-eabi/lib/thumb/v6-m/nofp\libc_nano.a(libc_a-memset.o)
                0x08000220                memset
 .text.__libc_init_array
                0x08000230       0x48 C:/ST/STM32CubeCLT_1.17.0/GNU-tools-for-STM32/bin/../lib/gcc/arm-none-eabi/12.3.1/../../../../arm-none-eabi/lib/thumb/v6-m/nofp\libc_nano.a(libc_a-init.o)
                0x08000230                __libc_init_array
 .text.main     0x08000278       0x34 CMakeFiles/battery_pack.dir/Core/Src/main.c.obj
                0x08000278                main
 .text.SystemClock_Config
                0x080002ac       0x90 CMakeFiles/battery_pack.dir/Core/Src/main.c.obj
                0x080002ac                SystemClock_Config
 .text.HAL_TIM_PeriodElapsedCallback
                0x0800033c       0x24 CMakeFiles/battery_pack.dir/Core/Src/main.c.obj
                0x0800033c                HAL_TIM_PeriodElapsedCallback
 .text.Error_Handler
                0x08000360        0xc CMakeFiles/battery_pack.dir/Core/Src/main.c.obj
                0x08000360                Error_Handler
 .text.MX_GPIO_Init
                0x0800036c       0xcc CMakeFiles/battery_pack.dir/Core/Src/gpio.c.obj
                0x0800036c                MX_GPIO_Init
 .text.MX_FREERTOS_Init
                0x08000438       0x28 CMakeFiles/battery_pack.dir/Core/Src/app_freertos.c.obj
                0x08000438                MX_FREERTOS_Init
 .text.StartDefaultTask
                0x08000460       0x10 CMakeFiles/battery_pack.dir/Core/Src/app_freertos.c.obj
                0x08000460                StartDefaultTask
 .text.MX_ADC1_Init
                0x08000470      0x124 CMakeFiles/battery_pack.dir/Core/Src/adc.c.obj
                0x08000470                MX_ADC1_Init
 .text.HAL_ADC_MspInit
                0x08000594       0xc4 CMakeFiles/battery_pack.dir/Core/Src/adc.c.obj
                0x08000594                HAL_ADC_MspInit
 .text.MX_FDCAN1_Init
                0x08000658       0x90 CMakeFiles/battery_pack.dir/Core/Src/fdcan.c.obj
                0x08000658                MX_FDCAN1_Init
 .text.HAL_FDCAN_MspInit
                0x080006e8       0xd4 CMakeFiles/battery_pack.dir/Core/Src/fdcan.c.obj
                0x080006e8                HAL_FDCAN_MspInit
 .text.MX_I2C1_Init
                0x080007bc       0x80 CMakeFiles/battery_pack.dir/Core/Src/i2c.c.obj
                0x080007bc                MX_I2C1_Init
 .text.HAL_I2C_MspInit
                0x0800083c       0xd4 CMakeFiles/battery_pack.dir/Core/Src/i2c.c.obj
                0x0800083c                HAL_I2C_MspInit
 .text.MX_SPI1_Init
                0x08000910       0x7c CMakeFiles/battery_pack.dir/Core/Src/spi.c.obj
                0x08000910                MX_SPI1_Init
 .text.HAL_SPI_MspInit
                0x0800098c       0xd0 CMakeFiles/battery_pack.dir/Core/Src/spi.c.obj
                0x0800098c                HAL_SPI_MspInit
 .text.MX_USART3_UART_Init
                0x08000a5c       0x68 CMakeFiles/battery_pack.dir/Core/Src/usart.c.obj
                0x08000a5c                MX_USART3_UART_Init
 .text.HAL_UART_MspInit
                0x08000ac4       0x98 CMakeFiles/battery_pack.dir/Core/Src/usart.c.obj
                0x08000ac4                HAL_UART_MspInit
 .text.NMI_Handler
                0x08000b5c        0x8 CMakeFiles/battery_pack.dir/Core/Src/stm32c0xx_it.c.obj
                0x08000b5c                NMI_Handler
 .text.HardFault_Handler
                0x08000b64        0x8 CMakeFiles/battery_pack.dir/Core/Src/stm32c0xx_it.c.obj
                0x08000b64                HardFault_Handler
 .text.ADC1_IRQHandler
                0x08000b6c       0x18 CMakeFiles/battery_pack.dir/Core/Src/stm32c0xx_it.c.obj
                0x08000b6c                ADC1_IRQHandler
 .text.TIM1_BRK_UP_TRG_COM_IRQHandler
                0x08000b84       0x18 CMakeFiles/battery_pack.dir/Core/Src/stm32c0xx_it.c.obj
                0x08000b84                TIM1_BRK_UP_TRG_COM_IRQHandler
 .text.I2C1_IRQHandler
                0x08000b9c       0x30 CMakeFiles/battery_pack.dir/Core/Src/stm32c0xx_it.c.obj
                0x08000b9c                I2C1_IRQHandler
 .text.SPI1_IRQHandler
                0x08000bcc       0x18 CMakeFiles/battery_pack.dir/Core/Src/stm32c0xx_it.c.obj
                0x08000bcc                SPI1_IRQHandler
 .text.FDCAN1_IT0_IRQHandler
                0x08000be4       0x18 CMakeFiles/battery_pack.dir/Core/Src/stm32c0xx_it.c.obj
                0x08000be4                FDCAN1_IT0_IRQHandler
 .text.HAL_MspInit
                0x08000bfc       0x54 CMakeFiles/battery_pack.dir/Core/Src/stm32c0xx_hal_msp.c.obj
                0x08000bfc                HAL_MspInit
 .text.HAL_InitTick
                0x08000c50       0xd0 CMakeFiles/battery_pack.dir/Core/Src/stm32c0xx_hal_timebase_tim.c.obj
                0x08000c50                HAL_InitTick
 .text.HAL_TIM_Base_Init
                0x08000d20       0xb0 CMakeFiles/battery_pack.dir/Drivers/STM32C0xx_HAL_Driver/Src/stm32c0xx_hal_tim.c.obj
                0x08000d20                HAL_TIM_Base_Init
 .text.HAL_TIM_Base_MspInit
                0x08000dd0       0x10 CMakeFiles/battery_pack.dir/Drivers/STM32C0xx_HAL_Driver/Src/stm32c0xx_hal_tim.c.obj
                0x08000dd0                HAL_TIM_Base_MspInit
 .text.HAL_TIM_Base_Start_IT
                0x08000de0       0xb8 CMakeFiles/battery_pack.dir/Drivers/STM32C0xx_HAL_Driver/Src/stm32c0xx_hal_tim.c.obj
                0x08000de0                HAL_TIM_Base_Start_IT
 .text.HAL_TIM_IRQHandler
                0x08000e98      0x210 CMakeFiles/battery_pack.dir/Drivers/STM32C0xx_HAL_Driver/Src/stm32c0xx_hal_tim.c.obj
                0x08000e98                HAL_TIM_IRQHandler
 .text.HAL_TIM_OC_DelayElapsedCallback
                0x080010a8       0x10 CMakeFiles/battery_pack.dir/Drivers/STM32C0xx_HAL_Driver/Src/stm32c0xx_hal_tim.c.obj
                0x080010a8                HAL_TIM_OC_DelayElapsedCallback
 .text.HAL_TIM_IC_CaptureCallback
                0x080010b8       0x10 CMakeFiles/battery_pack.dir/Drivers/STM32C0xx_HAL_Driver/Src/stm32c0xx_hal_tim.c.obj
                0x080010b8                HAL_TIM_IC_CaptureCallback
 .text.HAL_TIM_PWM_PulseFinishedCallback
                0x080010c8       0x10 CMakeFiles/battery_pack.dir/Drivers/STM32C0xx_HAL_Driver/Src/stm32c0xx_hal_tim.c.obj
                0x080010c8                HAL_TIM_PWM_PulseFinishedCallback
 .text.HAL_TIM_TriggerCallback
                0x080010d8       0x10 CMakeFiles/battery_pack.dir/Drivers/STM32C0xx_HAL_Driver/Src/stm32c0xx_hal_tim.c.obj
                0x080010d8                HAL_TIM_TriggerCallback
 .text.TIM_Base_SetConfig
                0x080010e8      0x11c CMakeFiles/battery_pack.dir/Drivers/STM32C0xx_HAL_Driver/Src/stm32c0xx_hal_tim.c.obj
                0x080010e8                TIM_Base_SetConfig
 .text.HAL_TIMEx_CommutCallback
                0x08001204       0x10 CMakeFiles/battery_pack.dir/Drivers/STM32C0xx_HAL_Driver/Src/stm32c0xx_hal_tim_ex.c.obj
                0x08001204                HAL_TIMEx_CommutCallback
 .text.HAL_TIMEx_BreakCallback
                0x08001214       0x10 CMakeFiles/battery_pack.dir/Drivers/STM32C0xx_HAL_Driver/Src/stm32c0xx_hal_tim_ex.c.obj
                0x08001214                HAL_TIMEx_BreakCallback
 .text.HAL_TIMEx_Break2Callback
                0x08001224       0x10 CMakeFiles/battery_pack.dir/Drivers/STM32C0xx_HAL_Driver/Src/stm32c0xx_hal_tim_ex.c.obj
                0x08001224                HAL_TIMEx_Break2Callback
 .text.HAL_Init
                0x08001234       0x2e CMakeFiles/battery_pack.dir/Drivers/STM32C0xx_HAL_Driver/Src/stm32c0xx_hal.c.obj
                0x08001234                HAL_Init
 *fill*         0x08001262        0x2 
 .text.HAL_IncTick
                0x08001264       0x24 CMakeFiles/battery_pack.dir/Drivers/STM32C0xx_HAL_Driver/Src/stm32c0xx_hal.c.obj
                0x08001264                HAL_IncTick
 .text.HAL_GetTick
                0x08001288       0x14 CMakeFiles/battery_pack.dir/Drivers/STM32C0xx_HAL_Driver/Src/stm32c0xx_hal.c.obj
                0x08001288                HAL_GetTick
 .text.LL_ADC_SetCommonPathInternalCh
                0x0800129c       0x28 CMakeFiles/battery_pack.dir/Drivers/STM32C0xx_HAL_Driver/Src/stm32c0xx_hal_adc.c.obj
 .text.LL_ADC_GetCommonPathInternalCh
                0x080012c4       0x1a CMakeFiles/battery_pack.dir/Drivers/STM32C0xx_HAL_Driver/Src/stm32c0xx_hal_adc.c.obj
 .text.LL_ADC_SetSamplingTimeCommonChannels
                0x080012de       0x3a CMakeFiles/battery_pack.dir/Drivers/STM32C0xx_HAL_Driver/Src/stm32c0xx_hal_adc.c.obj
 .text.LL_ADC_GetSamplingTimeCommonChannels
                0x08001318       0x2e CMakeFiles/battery_pack.dir/Drivers/STM32C0xx_HAL_Driver/Src/stm32c0xx_hal_adc.c.obj
 .text.LL_ADC_REG_IsTriggerSourceSWStart
                0x08001346       0x22 CMakeFiles/battery_pack.dir/Drivers/STM32C0xx_HAL_Driver/Src/stm32c0xx_hal_adc.c.obj
 .text.LL_ADC_REG_SetSequencerRanks
                0x08001368       0x40 CMakeFiles/battery_pack.dir/Drivers/STM32C0xx_HAL_Driver/Src/stm32c0xx_hal_adc.c.obj
 .text.LL_ADC_REG_SetSequencerChAdd
                0x080013a8       0x22 CMakeFiles/battery_pack.dir/Drivers/STM32C0xx_HAL_Driver/Src/stm32c0xx_hal_adc.c.obj
 .text.LL_ADC_REG_SetSequencerChRem
                0x080013ca       0x24 CMakeFiles/battery_pack.dir/Drivers/STM32C0xx_HAL_Driver/Src/stm32c0xx_hal_adc.c.obj
 .text.LL_ADC_REG_GetDMATransfer
                0x080013ee       0x18 CMakeFiles/battery_pack.dir/Drivers/STM32C0xx_HAL_Driver/Src/stm32c0xx_hal_adc.c.obj
 *fill*         0x08001406        0x2 
 .text.LL_ADC_SetChannelSamplingTime
                0x08001408       0x38 CMakeFiles/battery_pack.dir/Drivers/STM32C0xx_HAL_Driver/Src/stm32c0xx_hal_adc.c.obj
 .text.LL_ADC_EnableInternalRegulator
                0x08001440       0x28 CMakeFiles/battery_pack.dir/Drivers/STM32C0xx_HAL_Driver/Src/stm32c0xx_hal_adc.c.obj
 .text.LL_ADC_IsInternalRegulatorEnabled
                0x08001468       0x28 CMakeFiles/battery_pack.dir/Drivers/STM32C0xx_HAL_Driver/Src/stm32c0xx_hal_adc.c.obj
 .text.LL_ADC_IsEnabled
                0x08001490       0x22 CMakeFiles/battery_pack.dir/Drivers/STM32C0xx_HAL_Driver/Src/stm32c0xx_hal_adc.c.obj
 .text.LL_ADC_REG_IsConversionOngoing
                0x080014b2       0x22 CMakeFiles/battery_pack.dir/Drivers/STM32C0xx_HAL_Driver/Src/stm32c0xx_hal_adc.c.obj
 .text.HAL_ADC_Init
                0x080014d4      0x34c CMakeFiles/battery_pack.dir/Drivers/STM32C0xx_HAL_Driver/Src/stm32c0xx_hal_adc.c.obj
                0x080014d4                HAL_ADC_Init
 .text.HAL_ADC_IRQHandler
                0x08001820      0x294 CMakeFiles/battery_pack.dir/Drivers/STM32C0xx_HAL_Driver/Src/stm32c0xx_hal_adc.c.obj
                0x08001820                HAL_ADC_IRQHandler
 .text.HAL_ADC_ConvCpltCallback
                0x08001ab4       0x10 CMakeFiles/battery_pack.dir/Drivers/STM32C0xx_HAL_Driver/Src/stm32c0xx_hal_adc.c.obj
                0x08001ab4                HAL_ADC_ConvCpltCallback
 .text.HAL_ADC_LevelOutOfWindowCallback
                0x08001ac4       0x10 CMakeFiles/battery_pack.dir/Drivers/STM32C0xx_HAL_Driver/Src/stm32c0xx_hal_adc.c.obj
                0x08001ac4                HAL_ADC_LevelOutOfWindowCallback
 .text.HAL_ADC_ErrorCallback
                0x08001ad4       0x10 CMakeFiles/battery_pack.dir/Drivers/STM32C0xx_HAL_Driver/Src/stm32c0xx_hal_adc.c.obj
                0x08001ad4                HAL_ADC_ErrorCallback
 .text.HAL_ADC_CalibrationCpltCallback
                0x08001ae4       0x10 CMakeFiles/battery_pack.dir/Drivers/STM32C0xx_HAL_Driver/Src/stm32c0xx_hal_adc.c.obj
                0x08001ae4                HAL_ADC_CalibrationCpltCallback
 .text.HAL_ADC_ADCReadyCallback
                0x08001af4       0x10 CMakeFiles/battery_pack.dir/Drivers/STM32C0xx_HAL_Driver/Src/stm32c0xx_hal_adc.c.obj
                0x08001af4                HAL_ADC_ADCReadyCallback
 .text.HAL_ADC_ConfigChannel
                0x08001b04      0x3ac CMakeFiles/battery_pack.dir/Drivers/STM32C0xx_HAL_Driver/Src/stm32c0xx_hal_adc.c.obj
                0x08001b04                HAL_ADC_ConfigChannel
 .text.HAL_ADCEx_LevelOutOfWindow2Callback
                0x08001eb0       0x10 CMakeFiles/battery_pack.dir/Drivers/STM32C0xx_HAL_Driver/Src/stm32c0xx_hal_adc_ex.c.obj
                0x08001eb0                HAL_ADCEx_LevelOutOfWindow2Callback
 .text.HAL_ADCEx_LevelOutOfWindow3Callback
                0x08001ec0       0x10 CMakeFiles/battery_pack.dir/Drivers/STM32C0xx_HAL_Driver/Src/stm32c0xx_hal_adc_ex.c.obj
                0x08001ec0                HAL_ADCEx_LevelOutOfWindow3Callback
 .text.HAL_ADCEx_EndOfSamplingCallback
                0x08001ed0       0x10 CMakeFiles/battery_pack.dir/Drivers/STM32C0xx_HAL_Driver/Src/stm32c0xx_hal_adc_ex.c.obj
                0x08001ed0                HAL_ADCEx_EndOfSamplingCallback
 .text.HAL_ADCEx_ChannelConfigReadyCallback
                0x08001ee0       0x10 CMakeFiles/battery_pack.dir/Drivers/STM32C0xx_HAL_Driver/Src/stm32c0xx_hal_adc_ex.c.obj
                0x08001ee0                HAL_ADCEx_ChannelConfigReadyCallback
 .text.HAL_DMA_Abort_IT
                0x08001ef0       0xf4 CMakeFiles/battery_pack.dir/Drivers/STM32C0xx_HAL_Driver/Src/stm32c0xx_hal_dma.c.obj
                0x08001ef0                HAL_DMA_Abort_IT
 .text.HAL_DMA_GetState
                0x08001fe4       0x18 CMakeFiles/battery_pack.dir/Drivers/STM32C0xx_HAL_Driver/Src/stm32c0xx_hal_dma.c.obj
                0x08001fe4                HAL_DMA_GetState
 .text.HAL_RCC_OscConfig
                0x08001ffc      0x3c8 CMakeFiles/battery_pack.dir/Drivers/STM32C0xx_HAL_Driver/Src/stm32c0xx_hal_rcc.c.obj
                0x08001ffc                HAL_RCC_OscConfig
 .text.HAL_RCC_ClockConfig
                0x080023c4      0x214 CMakeFiles/battery_pack.dir/Drivers/STM32C0xx_HAL_Driver/Src/stm32c0xx_hal_rcc.c.obj
                0x080023c4                HAL_RCC_ClockConfig
 .text.HAL_RCC_GetSysClockFreq
                0x080025d8       0x9c CMakeFiles/battery_pack.dir/Drivers/STM32C0xx_HAL_Driver/Src/stm32c0xx_hal_rcc.c.obj
                0x080025d8                HAL_RCC_GetSysClockFreq
 .text.HAL_RCC_GetHCLKFreq
                0x08002674       0x3c CMakeFiles/battery_pack.dir/Drivers/STM32C0xx_HAL_Driver/Src/stm32c0xx_hal_rcc.c.obj
                0x08002674                HAL_RCC_GetHCLKFreq
 .text.HAL_RCC_GetPCLK1Freq
                0x080026b0       0x30 CMakeFiles/battery_pack.dir/Drivers/STM32C0xx_HAL_Driver/Src/stm32c0xx_hal_rcc.c.obj
                0x080026b0                HAL_RCC_GetPCLK1Freq
 .text.HAL_RCC_GetClockConfig
                0x080026e0       0x60 CMakeFiles/battery_pack.dir/Drivers/STM32C0xx_HAL_Driver/Src/stm32c0xx_hal_rcc.c.obj
                0x080026e0                HAL_RCC_GetClockConfig
 .text.HAL_RCCEx_PeriphCLKConfig
                0x08002740      0x1f4 CMakeFiles/battery_pack.dir/Drivers/STM32C0xx_HAL_Driver/Src/stm32c0xx_hal_rcc_ex.c.obj
                0x08002740                HAL_RCCEx_PeriphCLKConfig
 .text.HAL_GPIO_Init
                0x08002934      0x2e4 CMakeFiles/battery_pack.dir/Drivers/STM32C0xx_HAL_Driver/Src/stm32c0xx_hal_gpio.c.obj
                0x08002934                HAL_GPIO_Init
 .text.__NVIC_EnableIRQ
                0x08002c18       0x34 CMakeFiles/battery_pack.dir/Drivers/STM32C0xx_HAL_Driver/Src/stm32c0xx_hal_cortex.c.obj
 .text.__NVIC_SetPriority
                0x08002c4c       0xdc CMakeFiles/battery_pack.dir/Drivers/STM32C0xx_HAL_Driver/Src/stm32c0xx_hal_cortex.c.obj
 .text.HAL_NVIC_SetPriority
                0x08002d28       0x2a CMakeFiles/battery_pack.dir/Drivers/STM32C0xx_HAL_Driver/Src/stm32c0xx_hal_cortex.c.obj
                0x08002d28                HAL_NVIC_SetPriority
 .text.HAL_NVIC_EnableIRQ
                0x08002d52       0x20 CMakeFiles/battery_pack.dir/Drivers/STM32C0xx_HAL_Driver/Src/stm32c0xx_hal_cortex.c.obj
                0x08002d52                HAL_NVIC_EnableIRQ
 *fill*         0x08002d72        0x2 
 .text.HAL_FDCAN_Init
                0x08002d74      0x2c0 CMakeFiles/battery_pack.dir/Drivers/STM32C0xx_HAL_Driver/Src/stm32c0xx_hal_fdcan.c.obj
                0x08002d74                HAL_FDCAN_Init
 .text.HAL_FDCAN_IRQHandler
                0x08003034      0x26a CMakeFiles/battery_pack.dir/Drivers/STM32C0xx_HAL_Driver/Src/stm32c0xx_hal_fdcan.c.obj
                0x08003034                HAL_FDCAN_IRQHandler
 .text.HAL_FDCAN_TxEventFifoCallback
                0x0800329e       0x12 CMakeFiles/battery_pack.dir/Drivers/STM32C0xx_HAL_Driver/Src/stm32c0xx_hal_fdcan.c.obj
                0x0800329e                HAL_FDCAN_TxEventFifoCallback
 .text.HAL_FDCAN_RxFifo0Callback
                0x080032b0       0x12 CMakeFiles/battery_pack.dir/Drivers/STM32C0xx_HAL_Driver/Src/stm32c0xx_hal_fdcan.c.obj
                0x080032b0                HAL_FDCAN_RxFifo0Callback
 .text.HAL_FDCAN_RxFifo1Callback
                0x080032c2       0x12 CMakeFiles/battery_pack.dir/Drivers/STM32C0xx_HAL_Driver/Src/stm32c0xx_hal_fdcan.c.obj
                0x080032c2                HAL_FDCAN_RxFifo1Callback
 .text.HAL_FDCAN_TxFifoEmptyCallback
                0x080032d4       0x10 CMakeFiles/battery_pack.dir/Drivers/STM32C0xx_HAL_Driver/Src/stm32c0xx_hal_fdcan.c.obj
                0x080032d4                HAL_FDCAN_TxFifoEmptyCallback
 .text.HAL_FDCAN_TxBufferCompleteCallback
                0x080032e4       0x12 CMakeFiles/battery_pack.dir/Drivers/STM32C0xx_HAL_Driver/Src/stm32c0xx_hal_fdcan.c.obj
                0x080032e4                HAL_FDCAN_TxBufferCompleteCallback
 .text.HAL_FDCAN_TxBufferAbortCallback
                0x080032f6       0x12 CMakeFiles/battery_pack.dir/Drivers/STM32C0xx_HAL_Driver/Src/stm32c0xx_hal_fdcan.c.obj
                0x080032f6                HAL_FDCAN_TxBufferAbortCallback
 .text.HAL_FDCAN_TimestampWraparoundCallback
                0x08003308       0x10 CMakeFiles/battery_pack.dir/Drivers/STM32C0xx_HAL_Driver/Src/stm32c0xx_hal_fdcan.c.obj
                0x08003308                HAL_FDCAN_TimestampWraparoundCallback
 .text.HAL_FDCAN_TimeoutOccurredCallback
                0x08003318       0x10 CMakeFiles/battery_pack.dir/Drivers/STM32C0xx_HAL_Driver/Src/stm32c0xx_hal_fdcan.c.obj
                0x08003318                HAL_FDCAN_TimeoutOccurredCallback
 .text.HAL_FDCAN_HighPriorityMessageCallback
                0x08003328       0x10 CMakeFiles/battery_pack.dir/Drivers/STM32C0xx_HAL_Driver/Src/stm32c0xx_hal_fdcan.c.obj
                0x08003328                HAL_FDCAN_HighPriorityMessageCallback
 .text.HAL_FDCAN_ErrorCallback
                0x08003338       0x10 CMakeFiles/battery_pack.dir/Drivers/STM32C0xx_HAL_Driver/Src/stm32c0xx_hal_fdcan.c.obj
                0x08003338                HAL_FDCAN_ErrorCallback
 .text.HAL_FDCAN_ErrorStatusCallback
                0x08003348       0x12 CMakeFiles/battery_pack.dir/Drivers/STM32C0xx_HAL_Driver/Src/stm32c0xx_hal_fdcan.c.obj
                0x08003348                HAL_FDCAN_ErrorStatusCallback
 *fill*         0x0800335a        0x2 
 .text.FDCAN_CalcultateRamBlockAddresses
                0x0800335c       0xc0 CMakeFiles/battery_pack.dir/Drivers/STM32C0xx_HAL_Driver/Src/stm32c0xx_hal_fdcan.c.obj
 .text.HAL_I2C_Init
                0x0800341c      0x14c CMakeFiles/battery_pack.dir/Drivers/STM32C0xx_HAL_Driver/Src/stm32c0xx_hal_i2c.c.obj
                0x0800341c                HAL_I2C_Init
 .text.HAL_I2C_EV_IRQHandler
                0x08003568       0x34 CMakeFiles/battery_pack.dir/Drivers/STM32C0xx_HAL_Driver/Src/stm32c0xx_hal_i2c.c.obj
                0x08003568                HAL_I2C_EV_IRQHandler
 .text.HAL_I2C_ER_IRQHandler
                0x0800359c       0xb2 CMakeFiles/battery_pack.dir/Drivers/STM32C0xx_HAL_Driver/Src/stm32c0xx_hal_i2c.c.obj
                0x0800359c                HAL_I2C_ER_IRQHandler
 .text.HAL_I2C_SlaveTxCpltCallback
                0x0800364e       0x10 CMakeFiles/battery_pack.dir/Drivers/STM32C0xx_HAL_Driver/Src/stm32c0xx_hal_i2c.c.obj
                0x0800364e                HAL_I2C_SlaveTxCpltCallback
 .text.HAL_I2C_SlaveRxCpltCallback
                0x0800365e       0x10 CMakeFiles/battery_pack.dir/Drivers/STM32C0xx_HAL_Driver/Src/stm32c0xx_hal_i2c.c.obj
                0x0800365e                HAL_I2C_SlaveRxCpltCallback
 .text.HAL_I2C_AddrCallback
                0x0800366e       0x20 CMakeFiles/battery_pack.dir/Drivers/STM32C0xx_HAL_Driver/Src/stm32c0xx_hal_i2c.c.obj
                0x0800366e                HAL_I2C_AddrCallback
 .text.HAL_I2C_ListenCpltCallback
                0x0800368e       0x10 CMakeFiles/battery_pack.dir/Drivers/STM32C0xx_HAL_Driver/Src/stm32c0xx_hal_i2c.c.obj
                0x0800368e                HAL_I2C_ListenCpltCallback
 .text.HAL_I2C_ErrorCallback
                0x0800369e       0x10 CMakeFiles/battery_pack.dir/Drivers/STM32C0xx_HAL_Driver/Src/stm32c0xx_hal_i2c.c.obj
                0x0800369e                HAL_I2C_ErrorCallback
 .text.HAL_I2C_AbortCpltCallback
                0x080036ae       0x10 CMakeFiles/battery_pack.dir/Drivers/STM32C0xx_HAL_Driver/Src/stm32c0xx_hal_i2c.c.obj
                0x080036ae                HAL_I2C_AbortCpltCallback
 *fill*         0x080036be        0x2 
 .text.I2C_Slave_ISR_IT
                0x080036c0      0x200 CMakeFiles/battery_pack.dir/Drivers/STM32C0xx_HAL_Driver/Src/stm32c0xx_hal_i2c.c.obj
 .text.I2C_ITAddrCplt
                0x080038c0      0x148 CMakeFiles/battery_pack.dir/Drivers/STM32C0xx_HAL_Driver/Src/stm32c0xx_hal_i2c.c.obj
 .text.I2C_ITSlaveSeqCplt
                0x08003a08       0xc8 CMakeFiles/battery_pack.dir/Drivers/STM32C0xx_HAL_Driver/Src/stm32c0xx_hal_i2c.c.obj
 .text.I2C_ITSlaveCplt
                0x08003ad0      0x310 CMakeFiles/battery_pack.dir/Drivers/STM32C0xx_HAL_Driver/Src/stm32c0xx_hal_i2c.c.obj
 .text.I2C_ITListenCplt
                0x08003de0       0xb0 CMakeFiles/battery_pack.dir/Drivers/STM32C0xx_HAL_Driver/Src/stm32c0xx_hal_i2c.c.obj
 .text.I2C_ITError
                0x08003e90      0x204 CMakeFiles/battery_pack.dir/Drivers/STM32C0xx_HAL_Driver/Src/stm32c0xx_hal_i2c.c.obj
 .text.I2C_TreatErrorCallback
                0x08004094       0x52 CMakeFiles/battery_pack.dir/Drivers/STM32C0xx_HAL_Driver/Src/stm32c0xx_hal_i2c.c.obj
 .text.I2C_Flush_TXDR
                0x080040e6       0x44 CMakeFiles/battery_pack.dir/Drivers/STM32C0xx_HAL_Driver/Src/stm32c0xx_hal_i2c.c.obj
 .text.I2C_DMAAbort
                0x0800412a       0x3e CMakeFiles/battery_pack.dir/Drivers/STM32C0xx_HAL_Driver/Src/stm32c0xx_hal_i2c.c.obj
 .text.I2C_Disable_IRQ
                0x08004168       0xc6 CMakeFiles/battery_pack.dir/Drivers/STM32C0xx_HAL_Driver/Src/stm32c0xx_hal_i2c.c.obj
 *fill*         0x0800422e        0x2 
 .text.HAL_I2CEx_ConfigAnalogFilter
                0x08004230       0x98 CMakeFiles/battery_pack.dir/Drivers/STM32C0xx_HAL_Driver/Src/stm32c0xx_hal_i2c_ex.c.obj
                0x08004230                HAL_I2CEx_ConfigAnalogFilter
 .text.HAL_I2CEx_ConfigDigitalFilter
                0x080042c8       0x98 CMakeFiles/battery_pack.dir/Drivers/STM32C0xx_HAL_Driver/Src/stm32c0xx_hal_i2c_ex.c.obj
                0x080042c8                HAL_I2CEx_ConfigDigitalFilter
 .text.HAL_SPI_Init
                0x08004360      0x170 CMakeFiles/battery_pack.dir/Drivers/STM32C0xx_HAL_Driver/Src/stm32c0xx_hal_spi.c.obj
                0x08004360                HAL_SPI_Init
 .text.HAL_SPI_IRQHandler
                0x080044d0      0x1d4 CMakeFiles/battery_pack.dir/Drivers/STM32C0xx_HAL_Driver/Src/stm32c0xx_hal_spi.c.obj
                0x080044d0                HAL_SPI_IRQHandler
 .text.HAL_SPI_ErrorCallback
                0x080046a4       0x10 CMakeFiles/battery_pack.dir/Drivers/STM32C0xx_HAL_Driver/Src/stm32c0xx_hal_spi.c.obj
                0x080046a4                HAL_SPI_ErrorCallback
 .text.SPI_DMAAbortOnError
                0x080046b4       0x2c CMakeFiles/battery_pack.dir/Drivers/STM32C0xx_HAL_Driver/Src/stm32c0xx_hal_spi.c.obj
 .text.HAL_UART_Init
                0x080046e0       0xac CMakeFiles/battery_pack.dir/Drivers/STM32C0xx_HAL_Driver/Src/stm32c0xx_hal_uart.c.obj
                0x080046e0                HAL_UART_Init
 .text.UART_SetConfig
                0x0800478c      0x32c CMakeFiles/battery_pack.dir/Drivers/STM32C0xx_HAL_Driver/Src/stm32c0xx_hal_uart.c.obj
                0x0800478c                UART_SetConfig
 .text.UART_AdvFeatureConfig
                0x08004ab8      0x168 CMakeFiles/battery_pack.dir/Drivers/STM32C0xx_HAL_Driver/Src/stm32c0xx_hal_uart.c.obj
                0x08004ab8                UART_AdvFeatureConfig
 .text.UART_CheckIdleState
                0x08004c20      0x154 CMakeFiles/battery_pack.dir/Drivers/STM32C0xx_HAL_Driver/Src/stm32c0xx_hal_uart.c.obj
                0x08004c20                UART_CheckIdleState
 .text.UART_WaitOnFlagUntilTimeout
                0x08004d74       0xde CMakeFiles/battery_pack.dir/Drivers/STM32C0xx_HAL_Driver/Src/stm32c0xx_hal_uart.c.obj
                0x08004d74                UART_WaitOnFlagUntilTimeout
 *fill*         0x08004e52        0x2 
 .text.UART_EndRxTransfer
                0x08004e54       0xcc CMakeFiles/battery_pack.dir/Drivers/STM32C0xx_HAL_Driver/Src/stm32c0xx_hal_uart.c.obj
 .text.SystemInit
                0x08004f20       0x18 CMakeFiles/battery_pack.dir/Core/Src/system_stm32c0xx.c.obj
                0x08004f20                SystemInit
 .text.vListInitialise
                0x08004f38       0x3c CMakeFiles/battery_pack.dir/Middlewares/Third_Party/FreeRTOS/Source/list.c.obj
                0x08004f38                vListInitialise
 .text.vListInitialiseItem
                0x08004f74       0x16 CMakeFiles/battery_pack.dir/Middlewares/Third_Party/FreeRTOS/Source/list.c.obj
                0x08004f74                vListInitialiseItem
 .text.vListInsert
                0x08004f8a       0x6c CMakeFiles/battery_pack.dir/Middlewares/Third_Party/FreeRTOS/Source/list.c.obj
                0x08004f8a                vListInsert
 .text.uxListRemove
                0x08004ff6       0x50 CMakeFiles/battery_pack.dir/Middlewares/Third_Party/FreeRTOS/Source/list.c.obj
                0x08004ff6                uxListRemove
 .text.xQueueGenericReset
                0x08005046      0x116 CMakeFiles/battery_pack.dir/Middlewares/Third_Party/FreeRTOS/Source/queue.c.obj
                0x08005046                xQueueGenericReset
 .text.xQueueGenericCreateStatic
                0x0800515c       0x8e CMakeFiles/battery_pack.dir/Middlewares/Third_Party/FreeRTOS/Source/queue.c.obj
                0x0800515c                xQueueGenericCreateStatic
 .text.prvInitialiseNewQueue
                0x080051ea       0x4e CMakeFiles/battery_pack.dir/Middlewares/Third_Party/FreeRTOS/Source/queue.c.obj
 .text.xQueueReceive
                0x08005238      0x170 CMakeFiles/battery_pack.dir/Middlewares/Third_Party/FreeRTOS/Source/queue.c.obj
                0x08005238                xQueueReceive
 .text.prvCopyDataFromQueue
                0x080053a8       0x4c CMakeFiles/battery_pack.dir/Middlewares/Third_Party/FreeRTOS/Source/queue.c.obj
 .text.prvUnlockQueue
                0x080053f4       0xbc CMakeFiles/battery_pack.dir/Middlewares/Third_Party/FreeRTOS/Source/queue.c.obj
 .text.prvIsQueueEmpty
                0x080054b0       0x2c CMakeFiles/battery_pack.dir/Middlewares/Third_Party/FreeRTOS/Source/queue.c.obj
 .text.vQueueAddToRegistry
                0x080054dc       0x8c CMakeFiles/battery_pack.dir/Middlewares/Third_Party/FreeRTOS/Source/queue.c.obj
                0x080054dc                vQueueAddToRegistry
 .text.vQueueWaitForMessageRestricted
                0x08005568       0x66 CMakeFiles/battery_pack.dir/Middlewares/Third_Party/FreeRTOS/Source/queue.c.obj
                0x08005568                vQueueWaitForMessageRestricted
 .text.xTaskCreateStatic
                0x080055ce       0x9a CMakeFiles/battery_pack.dir/Middlewares/Third_Party/FreeRTOS/Source/tasks.c.obj
                0x080055ce                xTaskCreateStatic
 .text.xTaskCreate
                0x08005668       0xa4 CMakeFiles/battery_pack.dir/Middlewares/Third_Party/FreeRTOS/Source/tasks.c.obj
                0x08005668                xTaskCreate
 .text.prvInitialiseNewTask
                0x0800570c      0x104 CMakeFiles/battery_pack.dir/Middlewares/Third_Party/FreeRTOS/Source/tasks.c.obj
 .text.prvAddNewTaskToReadyList
                0x08005810      0x11c CMakeFiles/battery_pack.dir/Middlewares/Third_Party/FreeRTOS/Source/tasks.c.obj
 .text.vTaskDelay
                0x0800592c       0x4c CMakeFiles/battery_pack.dir/Middlewares/Third_Party/FreeRTOS/Source/tasks.c.obj
                0x0800592c                vTaskDelay
 .text.vTaskStartScheduler
                0x08005978       0xb4 CMakeFiles/battery_pack.dir/Middlewares/Third_Party/FreeRTOS/Source/tasks.c.obj
                0x08005978                vTaskStartScheduler
 .text.vTaskSuspendAll
                0x08005a2c       0x18 CMakeFiles/battery_pack.dir/Middlewares/Third_Party/FreeRTOS/Source/tasks.c.obj
                0x08005a2c                vTaskSuspendAll
 .text.xTaskResumeAll
                0x08005a44      0x1d4 CMakeFiles/battery_pack.dir/Middlewares/Third_Party/FreeRTOS/Source/tasks.c.obj
                0x08005a44                xTaskResumeAll
 .text.xTaskGetTickCount
                0x08005c18       0x1c CMakeFiles/battery_pack.dir/Middlewares/Third_Party/FreeRTOS/Source/tasks.c.obj
                0x08005c18                xTaskGetTickCount
 .text.xTaskIncrementTick
                0x08005c34      0x218 CMakeFiles/battery_pack.dir/Middlewares/Third_Party/FreeRTOS/Source/tasks.c.obj
                0x08005c34                xTaskIncrementTick
 .text.vTaskSwitchContext
                0x08005e4c       0xa4 CMakeFiles/battery_pack.dir/Middlewares/Third_Party/FreeRTOS/Source/tasks.c.obj
                0x08005e4c                vTaskSwitchContext
 .text.vTaskPlaceOnEventList
                0x08005ef0       0x40 CMakeFiles/battery_pack.dir/Middlewares/Third_Party/FreeRTOS/Source/tasks.c.obj
                0x08005ef0                vTaskPlaceOnEventList
 .text.vTaskPlaceOnEventListRestricted
                0x08005f30       0x80 CMakeFiles/battery_pack.dir/Middlewares/Third_Party/FreeRTOS/Source/tasks.c.obj
                0x08005f30                vTaskPlaceOnEventListRestricted
 .text.xTaskRemoveFromEventList
                0x08005fb0      0x198 CMakeFiles/battery_pack.dir/Middlewares/Third_Party/FreeRTOS/Source/tasks.c.obj
                0x08005fb0                xTaskRemoveFromEventList
 .text.vTaskInternalSetTimeOutState
                0x08006148       0x28 CMakeFiles/battery_pack.dir/Middlewares/Third_Party/FreeRTOS/Source/tasks.c.obj
                0x08006148                vTaskInternalSetTimeOutState
 .text.xTaskCheckForTimeOut
                0x08006170       0xac CMakeFiles/battery_pack.dir/Middlewares/Third_Party/FreeRTOS/Source/tasks.c.obj
                0x08006170                xTaskCheckForTimeOut
 .text.vTaskMissedYield
                0x0800621c       0x14 CMakeFiles/battery_pack.dir/Middlewares/Third_Party/FreeRTOS/Source/tasks.c.obj
                0x0800621c                vTaskMissedYield
 .text.prvIdleTask
                0x08006230       0x20 CMakeFiles/battery_pack.dir/Middlewares/Third_Party/FreeRTOS/Source/tasks.c.obj
 .text.prvInitialiseTaskLists
                0x08006250       0x88 CMakeFiles/battery_pack.dir/Middlewares/Third_Party/FreeRTOS/Source/tasks.c.obj
 .text.prvCheckTasksWaitingTermination
                0x080062d8       0x5c CMakeFiles/battery_pack.dir/Middlewares/Third_Party/FreeRTOS/Source/tasks.c.obj
 .text.prvDeleteTCB
                0x08006334       0x52 CMakeFiles/battery_pack.dir/Middlewares/Third_Party/FreeRTOS/Source/tasks.c.obj
 *fill*         0x08006386        0x2 
 .text.prvResetNextTaskUnblockTime
                0x08006388       0x34 CMakeFiles/battery_pack.dir/Middlewares/Third_Party/FreeRTOS/Source/tasks.c.obj
 .text.xTaskGetSchedulerState
                0x080063bc       0x38 CMakeFiles/battery_pack.dir/Middlewares/Third_Party/FreeRTOS/Source/tasks.c.obj
                0x080063bc                xTaskGetSchedulerState
 .text.prvAddCurrentTaskToDelayedList
                0x080063f4       0xdc CMakeFiles/battery_pack.dir/Middlewares/Third_Party/FreeRTOS/Source/tasks.c.obj
 .text.xTimerCreateTimerTask
                0x080064d0       0x80 CMakeFiles/battery_pack.dir/Middlewares/Third_Party/FreeRTOS/Source/timers.c.obj
                0x080064d0                xTimerCreateTimerTask
 .text.prvReloadTimer
                0x08006550       0x42 CMakeFiles/battery_pack.dir/Middlewares/Third_Party/FreeRTOS/Source/timers.c.obj
 *fill*         0x08006592        0x2 
 .text.prvProcessExpiredTimer
                0x08006594       0x64 CMakeFiles/battery_pack.dir/Middlewares/Third_Party/FreeRTOS/Source/timers.c.obj
 .text.prvTimerTask
                0x080065f8       0x2a CMakeFiles/battery_pack.dir/Middlewares/Third_Party/FreeRTOS/Source/timers.c.obj
 *fill*         0x08006622        0x2 
 .text.prvProcessTimerOrBlockTask
                0x08006624       0x90 CMakeFiles/battery_pack.dir/Middlewares/Third_Party/FreeRTOS/Source/timers.c.obj
 .text.prvGetNextExpireTime
                0x080066b4       0x44 CMakeFiles/battery_pack.dir/Middlewares/Third_Party/FreeRTOS/Source/timers.c.obj
 .text.prvSampleTimeNow
                0x080066f8       0x40 CMakeFiles/battery_pack.dir/Middlewares/Third_Party/FreeRTOS/Source/timers.c.obj
 .text.prvInsertTimerInActiveList
                0x08006738       0x84 CMakeFiles/battery_pack.dir/Middlewares/Third_Party/FreeRTOS/Source/timers.c.obj
 .text.prvProcessReceivedCommands
                0x080067bc      0x18c CMakeFiles/battery_pack.dir/Middlewares/Third_Party/FreeRTOS/Source/timers.c.obj
 .text.prvSwitchTimerLists
                0x08006948       0x50 CMakeFiles/battery_pack.dir/Middlewares/Third_Party/FreeRTOS/Source/timers.c.obj
 .text.prvCheckForValidListAndQueue
                0x08006998       0x84 CMakeFiles/battery_pack.dir/Middlewares/Third_Party/FreeRTOS/Source/timers.c.obj
 .text.__NVIC_SetPriority
                0x08006a1c       0xdc CMakeFiles/battery_pack.dir/Middlewares/Third_Party/FreeRTOS/Source/CMSIS_RTOS_V2/cmsis_os2.c.obj
 .text.SysTick_Handler
                0x08006af8       0x20 CMakeFiles/battery_pack.dir/Middlewares/Third_Party/FreeRTOS/Source/CMSIS_RTOS_V2/cmsis_os2.c.obj
                0x08006af8                SysTick_Handler
 .text.SVC_Setup
                0x08006b18       0x16 CMakeFiles/battery_pack.dir/Middlewares/Third_Party/FreeRTOS/Source/CMSIS_RTOS_V2/cmsis_os2.c.obj
 .text.IRQ_Context
                0x08006b2e       0x44 CMakeFiles/battery_pack.dir/Middlewares/Third_Party/FreeRTOS/Source/CMSIS_RTOS_V2/cmsis_os2.c.obj
 *fill*         0x08006b72        0x2 
 .text.osKernelInitialize
                0x08006b74       0x4c CMakeFiles/battery_pack.dir/Middlewares/Third_Party/FreeRTOS/Source/CMSIS_RTOS_V2/cmsis_os2.c.obj
                0x08006b74                osKernelInitialize
 .text.osKernelStart
                0x08006bc0       0x54 CMakeFiles/battery_pack.dir/Middlewares/Third_Party/FreeRTOS/Source/CMSIS_RTOS_V2/cmsis_os2.c.obj
                0x08006bc0                osKernelStart
 .text.osThreadNew
                0x08006c14      0x128 CMakeFiles/battery_pack.dir/Middlewares/Third_Party/FreeRTOS/Source/CMSIS_RTOS_V2/cmsis_os2.c.obj
                0x08006c14                osThreadNew
 .text.osDelay  0x08006d3c       0x34 CMakeFiles/battery_pack.dir/Middlewares/Third_Party/FreeRTOS/Source/CMSIS_RTOS_V2/cmsis_os2.c.obj
                0x08006d3c                osDelay
 .text.vApplicationGetIdleTaskMemory
                0x08006d70       0x30 CMakeFiles/battery_pack.dir/Middlewares/Third_Party/FreeRTOS/Source/CMSIS_RTOS_V2/cmsis_os2.c.obj
                0x08006d70                vApplicationGetIdleTaskMemory
 .text.vApplicationGetTimerTaskMemory
                0x08006da0       0x30 CMakeFiles/battery_pack.dir/Middlewares/Third_Party/FreeRTOS/Source/CMSIS_RTOS_V2/cmsis_os2.c.obj
                0x08006da0                vApplicationGetTimerTaskMemory
 .text.pxPortInitialiseStack
                0x08006dd0       0x54 CMakeFiles/battery_pack.dir/Middlewares/Third_Party/FreeRTOS/Source/portable/GCC/ARM_CM0/port.c.obj
                0x08006dd0                pxPortInitialiseStack
 .text.prvTaskExitError
                0x08006e24       0x30 CMakeFiles/battery_pack.dir/Middlewares/Third_Party/FreeRTOS/Source/portable/GCC/ARM_CM0/port.c.obj
 .text.SVC_Handler
                0x08006e54        0xa CMakeFiles/battery_pack.dir/Middlewares/Third_Party/FreeRTOS/Source/portable/GCC/ARM_CM0/port.c.obj
                0x08006e54                SVC_Handler
 *fill*         0x08006e5e        0x2 
 .text.vPortStartFirstTask
                0x08006e60       0x38 CMakeFiles/battery_pack.dir/Middlewares/Third_Party/FreeRTOS/Source/portable/GCC/ARM_CM0/port.c.obj
 .text.xPortStartScheduler
                0x08006e98       0x48 CMakeFiles/battery_pack.dir/Middlewares/Third_Party/FreeRTOS/Source/portable/GCC/ARM_CM0/port.c.obj
                0x08006e98                xPortStartScheduler
 .text.vPortYield
                0x08006ee0       0x20 CMakeFiles/battery_pack.dir/Middlewares/Third_Party/FreeRTOS/Source/portable/GCC/ARM_CM0/port.c.obj
                0x08006ee0                vPortYield
 .text.vPortEnterCritical
                0x08006f00       0x24 CMakeFiles/battery_pack.dir/Middlewares/Third_Party/FreeRTOS/Source/portable/GCC/ARM_CM0/port.c.obj
                0x08006f00                vPortEnterCritical
 .text.vPortExitCritical
                0x08006f24       0x30 CMakeFiles/battery_pack.dir/Middlewares/Third_Party/FreeRTOS/Source/portable/GCC/ARM_CM0/port.c.obj
                0x08006f24                vPortExitCritical
 .text.ulSetInterruptMaskFromISR
                0x08006f54        0xc CMakeFiles/battery_pack.dir/Middlewares/Third_Party/FreeRTOS/Source/portable/GCC/ARM_CM0/port.c.obj
                0x08006f54                ulSetInterruptMaskFromISR
 .text.vClearInterruptMaskFromISR
                0x08006f60        0x8 CMakeFiles/battery_pack.dir/Middlewares/Third_Party/FreeRTOS/Source/portable/GCC/ARM_CM0/port.c.obj
                0x08006f60                vClearInterruptMaskFromISR
 *fill*         0x08006f68        0x8 
 .text.PendSV_Handler
                0x08006f70       0x48 CMakeFiles/battery_pack.dir/Middlewares/Third_Party/FreeRTOS/Source/portable/GCC/ARM_CM0/port.c.obj
                0x08006f70                PendSV_Handler
 .text.xPortSysTickHandler
                0x08006fb8       0x34 CMakeFiles/battery_pack.dir/Middlewares/Third_Party/FreeRTOS/Source/portable/GCC/ARM_CM0/port.c.obj
                0x08006fb8                xPortSysTickHandler
 .text.vPortSetupTimerInterrupt
                0x08006fec       0x44 CMakeFiles/battery_pack.dir/Middlewares/Third_Party/FreeRTOS/Source/portable/GCC/ARM_CM0/port.c.obj
                0x08006fec                vPortSetupTimerInterrupt
 .text.pvPortMalloc
                0x08007030       0xa4 CMakeFiles/battery_pack.dir/Middlewares/Third_Party/FreeRTOS/Source/portable/MemMang/heap_1.c.obj
                0x08007030                pvPortMalloc
 .text.vPortFree
                0x080070d4       0x1c CMakeFiles/battery_pack.dir/Middlewares/Third_Party/FreeRTOS/Source/portable/MemMang/heap_1.c.obj
                0x080070d4                vPortFree
 .text.Reset_Handler
                0x080070f0       0x50 CMakeFiles/battery_pack.dir/startup_stm32c092xx.s.obj
                0x080070f0                Reset_Handler
 .text.Default_Handler
                0x08007140        0x2 CMakeFiles/battery_pack.dir/startup_stm32c092xx.s.obj
                0x08007140                TIM1_CC_IRQHandler
                0x08007140                FDCAN1_IT1_IRQHandler
                0x08007140                USART3_4_IRQHandler
                0x08007140                EXTI2_3_IRQHandler
                0x08007140                I2C2_IRQHandler
                0x08007140                TIM17_IRQHandler
                0x08007140                RTC_IRQHandler
                0x08007140                TIM16_IRQHandler
                0x08007140                TIM3_IRQHandler
                0x08007140                EXTI4_15_IRQHandler
                0x08007140                RCC_IRQHandler
                0x08007140                DMA1_Channel1_IRQHandler
                0x08007140                Default_Handler
                0x08007140                TIM14_IRQHandler
                0x08007140                TIM15_IRQHandler
                0x08007140                EXTI0_1_IRQHandler
                0x08007140                SPI2_IRQHandler
                0x08007140                WWDG_IRQHandler
                0x08007140                TIM2_IRQHandler
                0x08007140                DMA1_Channel2_3_IRQHandler
                0x08007140                DMAMUX1_DMA1_CH4_5_IRQHandler
                0x08007140                USART2_IRQHandler
                0x08007140                FLASH_IRQHandler
                0x08007140                USART1_IRQHandler
 .text.memcpy   0x08007142       0x12 C:/ST/STM32CubeCLT_1.17.0/GNU-tools-for-STM32/bin/../lib/gcc/arm-none-eabi/12.3.1/../../../../arm-none-eabi/lib/thumb/v6-m/nofp\libg_nano.a(libc_a-memcpy-stub.o)
                0x08007142                memcpy
 *(.glue_7)
 .glue_7        0x08007154        0x0 linker stubs
 *(.glue_7t)
 .glue_7t       0x08007154        0x0 linker stubs
 *(.eh_frame)
 .eh_frame      0x08007154        0x0 C:/ST/STM32CubeCLT_1.17.0/GNU-tools-for-STM32/bin/../lib/gcc/arm-none-eabi/12.3.1/thumb/v6-m/nofp/crtbegin.o
 *(.init)
 .init          0x08007154        0x4 C:/ST/STM32CubeCLT_1.17.0/GNU-tools-for-STM32/bin/../lib/gcc/arm-none-eabi/12.3.1/thumb/v6-m/nofp/crti.o
                0x08007154                _init
 .init          0x08007158        0x8 C:/ST/STM32CubeCLT_1.17.0/GNU-tools-for-STM32/bin/../lib/gcc/arm-none-eabi/12.3.1/thumb/v6-m/nofp/crtn.o
 *(.fini)
 .fini          0x08007160        0x4 C:/ST/STM32CubeCLT_1.17.0/GNU-tools-for-STM32/bin/../lib/gcc/arm-none-eabi/12.3.1/thumb/v6-m/nofp/crti.o
                0x08007160                _fini
 .fini          0x08007164        0x8 C:/ST/STM32CubeCLT_1.17.0/GNU-tools-for-STM32/bin/../lib/gcc/arm-none-eabi/12.3.1/thumb/v6-m/nofp/crtn.o
                0x0800716c                        . = ALIGN (0x4)
                0x0800716c                        _etext = .

.vfp11_veneer   0x0800716c        0x0
 .vfp11_veneer  0x0800716c        0x0 linker stubs

.v4_bx          0x0800716c        0x0
 .v4_bx         0x0800716c        0x0 linker stubs

.iplt           0x0800716c        0x0
 .iplt          0x0800716c        0x0 C:/ST/STM32CubeCLT_1.17.0/GNU-tools-for-STM32/bin/../lib/gcc/arm-none-eabi/12.3.1/thumb/v6-m/nofp/crtbegin.o

.rodata         0x0800716c       0xe8
                0x0800716c                        . = ALIGN (0x4)
 *(.rodata)
 .rodata        0x0800716c        0xc CMakeFiles/battery_pack.dir/Core/Src/app_freertos.c.obj
 .rodata        0x08007178        0x5 CMakeFiles/battery_pack.dir/Middlewares/Third_Party/FreeRTOS/Source/tasks.c.obj
 *fill*         0x0800717d        0x3 
 .rodata        0x08007180        0xd CMakeFiles/battery_pack.dir/Middlewares/Third_Party/FreeRTOS/Source/timers.c.obj
 *(.rodata*)
 *fill*         0x0800718d        0x3 
 .rodata.defaultTask_attributes
                0x08007190       0x24 CMakeFiles/battery_pack.dir/Core/Src/app_freertos.c.obj
                0x08007190                defaultTask_attributes
 .rodata.UARTPrescTable
                0x080071b4       0x18 CMakeFiles/battery_pack.dir/Drivers/STM32C0xx_HAL_Driver/Src/stm32c0xx_hal_uart.c.obj
                0x080071b4                UARTPrescTable
 .rodata.AHBPrescTable
                0x080071cc       0x40 CMakeFiles/battery_pack.dir/Core/Src/system_stm32c0xx.c.obj
                0x080071cc                AHBPrescTable
 .rodata.APBPrescTable
                0x0800720c       0x20 CMakeFiles/battery_pack.dir/Core/Src/system_stm32c0xx.c.obj
                0x0800720c                APBPrescTable
 .rodata.prvProcessReceivedCommands
                0x0800722c       0x28 CMakeFiles/battery_pack.dir/Middlewares/Third_Party/FreeRTOS/Source/timers.c.obj
                0x08007254                        . = ALIGN (0x4)

.rel.dyn        0x08007254        0x0
 .rel.iplt      0x08007254        0x0 C:/ST/STM32CubeCLT_1.17.0/GNU-tools-for-STM32/bin/../lib/gcc/arm-none-eabi/12.3.1/thumb/v6-m/nofp/crtbegin.o

.ARM.extab
 *(.ARM.extab* .gnu.linkonce.armextab.*)

.ARM            0x08007254        0x0
                0x08007254                        __exidx_start = .
 *(.ARM.exidx*)
                0x08007254                        __exidx_end = .

.preinit_array  0x08007254        0x0
                0x08007254                        PROVIDE (__preinit_array_start = .)
 *(.preinit_array*)
                0x08007254                        PROVIDE (__preinit_array_end = .)

.init_array     0x08007254        0x4
                0x08007254                        PROVIDE (__init_array_start = .)
 *(SORT_BY_NAME(.init_array.*))
 *(.init_array*)
 .init_array    0x08007254        0x4 C:/ST/STM32CubeCLT_1.17.0/GNU-tools-for-STM32/bin/../lib/gcc/arm-none-eabi/12.3.1/thumb/v6-m/nofp/crtbegin.o
                0x08007258                        PROVIDE (__init_array_end = .)

.fini_array     0x08007258        0x4
                [!provide]                        PROVIDE (__fini_array_start = .)
 *(SORT_BY_NAME(.fini_array.*))
 *(.fini_array*)
 .fini_array    0x08007258        0x4 C:/ST/STM32CubeCLT_1.17.0/GNU-tools-for-STM32/bin/../lib/gcc/arm-none-eabi/12.3.1/thumb/v6-m/nofp/crtbegin.o
                [!provide]                        PROVIDE (__fini_array_end = .)
                0x0800725c                        _sidata = LOADADDR (.data)

.data           0x20000000       0x14 load address 0x0800725c
                0x20000000                        . = ALIGN (0x4)
                0x20000000                        _sdata = .
 *(.data)
 *(.data*)
 .data.uwTickPrio
                0x20000000        0x4 CMakeFiles/battery_pack.dir/Drivers/STM32C0xx_HAL_Driver/Src/stm32c0xx_hal.c.obj
                0x20000000                uwTickPrio
 .data.uwTickFreq
                0x20000004        0x1 CMakeFiles/battery_pack.dir/Drivers/STM32C0xx_HAL_Driver/Src/stm32c0xx_hal.c.obj
                0x20000004                uwTickFreq
 *fill*         0x20000005        0x3 
 .data.SystemCoreClock
                0x20000008        0x4 CMakeFiles/battery_pack.dir/Core/Src/system_stm32c0xx.c.obj
                0x20000008                SystemCoreClock
 .data.uxTopUsedPriority
                0x2000000c        0x4 CMakeFiles/battery_pack.dir/Middlewares/Third_Party/FreeRTOS/Source/tasks.c.obj
                0x2000000c                uxTopUsedPriority
 .data.uxCriticalNesting
                0x20000010        0x4 CMakeFiles/battery_pack.dir/Middlewares/Third_Party/FreeRTOS/Source/portable/GCC/ARM_CM0/port.c.obj
                0x20000014                        . = ALIGN (0x4)
                0x20000014                        _edata = .

.igot.plt       0x20000014        0x0 load address 0x08007270
 .igot.plt      0x20000014        0x0 C:/ST/STM32CubeCLT_1.17.0/GNU-tools-for-STM32/bin/../lib/gcc/arm-none-eabi/12.3.1/thumb/v6-m/nofp/crtbegin.o
                0x20000014                        . = ALIGN (0x4)

.bss            0x20000014     0x2db4 load address 0x08007270
                0x20000014                        _sbss = .
                0x20000014                        __bss_start__ = _sbss
 *(.bss)
 .bss           0x20000014       0x1c C:/ST/STM32CubeCLT_1.17.0/GNU-tools-for-STM32/bin/../lib/gcc/arm-none-eabi/12.3.1/thumb/v6-m/nofp/crtbegin.o
 *(.bss*)
 .bss.defaultTaskHandle
                0x20000030        0x4 CMakeFiles/battery_pack.dir/Core/Src/app_freertos.c.obj
                0x20000030                defaultTaskHandle
 .bss.hadc1     0x20000034       0x64 CMakeFiles/battery_pack.dir/Core/Src/adc.c.obj
                0x20000034                hadc1
 .bss.hfdcan1   0x20000098       0x64 CMakeFiles/battery_pack.dir/Core/Src/fdcan.c.obj
                0x20000098                hfdcan1
 .bss.hi2c1     0x200000fc       0x54 CMakeFiles/battery_pack.dir/Core/Src/i2c.c.obj
                0x200000fc                hi2c1
 .bss.hspi1     0x20000150       0x64 CMakeFiles/battery_pack.dir/Core/Src/spi.c.obj
                0x20000150                hspi1
 .bss.huart3    0x200001b4       0x94 CMakeFiles/battery_pack.dir/Core/Src/usart.c.obj
                0x200001b4                huart3
 .bss.htim1     0x20000248       0x4c CMakeFiles/battery_pack.dir/Core/Src/stm32c0xx_hal_timebase_tim.c.obj
                0x20000248                htim1
 .bss.uwTick    0x20000294        0x4 CMakeFiles/battery_pack.dir/Drivers/STM32C0xx_HAL_Driver/Src/stm32c0xx_hal.c.obj
                0x20000294                uwTick
 .bss.xQueueRegistry
                0x20000298       0x40 CMakeFiles/battery_pack.dir/Middlewares/Third_Party/FreeRTOS/Source/queue.c.obj
                0x20000298                xQueueRegistry
 .bss.pxCurrentTCB
                0x200002d8        0x4 CMakeFiles/battery_pack.dir/Middlewares/Third_Party/FreeRTOS/Source/tasks.c.obj
                0x200002d8                pxCurrentTCB
 .bss.pxReadyTasksLists
                0x200002dc      0x460 CMakeFiles/battery_pack.dir/Middlewares/Third_Party/FreeRTOS/Source/tasks.c.obj
 .bss.xDelayedTaskList1
                0x2000073c       0x14 CMakeFiles/battery_pack.dir/Middlewares/Third_Party/FreeRTOS/Source/tasks.c.obj
 .bss.xDelayedTaskList2
                0x20000750       0x14 CMakeFiles/battery_pack.dir/Middlewares/Third_Party/FreeRTOS/Source/tasks.c.obj
 .bss.pxDelayedTaskList
                0x20000764        0x4 CMakeFiles/battery_pack.dir/Middlewares/Third_Party/FreeRTOS/Source/tasks.c.obj
 .bss.pxOverflowDelayedTaskList
                0x20000768        0x4 CMakeFiles/battery_pack.dir/Middlewares/Third_Party/FreeRTOS/Source/tasks.c.obj
 .bss.xPendingReadyList
                0x2000076c       0x14 CMakeFiles/battery_pack.dir/Middlewares/Third_Party/FreeRTOS/Source/tasks.c.obj
 .bss.xTasksWaitingTermination
                0x20000780       0x14 CMakeFiles/battery_pack.dir/Middlewares/Third_Party/FreeRTOS/Source/tasks.c.obj
 .bss.uxDeletedTasksWaitingCleanUp
                0x20000794        0x4 CMakeFiles/battery_pack.dir/Middlewares/Third_Party/FreeRTOS/Source/tasks.c.obj
 .bss.xSuspendedTaskList
                0x20000798       0x14 CMakeFiles/battery_pack.dir/Middlewares/Third_Party/FreeRTOS/Source/tasks.c.obj
 .bss.uxCurrentNumberOfTasks
                0x200007ac        0x4 CMakeFiles/battery_pack.dir/Middlewares/Third_Party/FreeRTOS/Source/tasks.c.obj
 .bss.xTickCount
                0x200007b0        0x4 CMakeFiles/battery_pack.dir/Middlewares/Third_Party/FreeRTOS/Source/tasks.c.obj
 .bss.uxTopReadyPriority
                0x200007b4        0x4 CMakeFiles/battery_pack.dir/Middlewares/Third_Party/FreeRTOS/Source/tasks.c.obj
 .bss.xSchedulerRunning
                0x200007b8        0x4 CMakeFiles/battery_pack.dir/Middlewares/Third_Party/FreeRTOS/Source/tasks.c.obj
 .bss.xPendedTicks
                0x200007bc        0x4 CMakeFiles/battery_pack.dir/Middlewares/Third_Party/FreeRTOS/Source/tasks.c.obj
 .bss.xYieldPending
                0x200007c0        0x4 CMakeFiles/battery_pack.dir/Middlewares/Third_Party/FreeRTOS/Source/tasks.c.obj
 .bss.xNumOfOverflows
                0x200007c4        0x4 CMakeFiles/battery_pack.dir/Middlewares/Third_Party/FreeRTOS/Source/tasks.c.obj
 .bss.uxTaskNumber
                0x200007c8        0x4 CMakeFiles/battery_pack.dir/Middlewares/Third_Party/FreeRTOS/Source/tasks.c.obj
 .bss.xNextTaskUnblockTime
                0x200007cc        0x4 CMakeFiles/battery_pack.dir/Middlewares/Third_Party/FreeRTOS/Source/tasks.c.obj
 .bss.xIdleTaskHandle
                0x200007d0        0x4 CMakeFiles/battery_pack.dir/Middlewares/Third_Party/FreeRTOS/Source/tasks.c.obj
 .bss.uxSchedulerSuspended
                0x200007d4        0x4 CMakeFiles/battery_pack.dir/Middlewares/Third_Party/FreeRTOS/Source/tasks.c.obj
 .bss.xActiveTimerList1
                0x200007d8       0x14 CMakeFiles/battery_pack.dir/Middlewares/Third_Party/FreeRTOS/Source/timers.c.obj
 .bss.xActiveTimerList2
                0x200007ec       0x14 CMakeFiles/battery_pack.dir/Middlewares/Third_Party/FreeRTOS/Source/timers.c.obj
 .bss.pxCurrentTimerList
                0x20000800        0x4 CMakeFiles/battery_pack.dir/Middlewares/Third_Party/FreeRTOS/Source/timers.c.obj
 .bss.pxOverflowTimerList
                0x20000804        0x4 CMakeFiles/battery_pack.dir/Middlewares/Third_Party/FreeRTOS/Source/timers.c.obj
 .bss.xTimerQueue
                0x20000808        0x4 CMakeFiles/battery_pack.dir/Middlewares/Third_Party/FreeRTOS/Source/timers.c.obj
 .bss.xTimerTaskHandle
                0x2000080c        0x4 CMakeFiles/battery_pack.dir/Middlewares/Third_Party/FreeRTOS/Source/timers.c.obj
 .bss.xLastTime.2
                0x20000810        0x4 CMakeFiles/battery_pack.dir/Middlewares/Third_Party/FreeRTOS/Source/timers.c.obj
 .bss.ucStaticTimerQueueStorage.1
                0x20000814       0xa0 CMakeFiles/battery_pack.dir/Middlewares/Third_Party/FreeRTOS/Source/timers.c.obj
 .bss.xStaticTimerQueue.0
                0x200008b4       0x50 CMakeFiles/battery_pack.dir/Middlewares/Third_Party/FreeRTOS/Source/timers.c.obj
 .bss.KernelState
                0x20000904        0x4 CMakeFiles/battery_pack.dir/Middlewares/Third_Party/FreeRTOS/Source/CMSIS_RTOS_V2/cmsis_os2.c.obj
 .bss.Idle_TCB.3
                0x20000908       0x5c CMakeFiles/battery_pack.dir/Middlewares/Third_Party/FreeRTOS/Source/CMSIS_RTOS_V2/cmsis_os2.c.obj
 .bss.Idle_Stack.2
                0x20000964      0x200 CMakeFiles/battery_pack.dir/Middlewares/Third_Party/FreeRTOS/Source/CMSIS_RTOS_V2/cmsis_os2.c.obj
 .bss.Timer_TCB.1
                0x20000b64       0x5c CMakeFiles/battery_pack.dir/Middlewares/Third_Party/FreeRTOS/Source/CMSIS_RTOS_V2/cmsis_os2.c.obj
 .bss.Timer_Stack.0
                0x20000bc0      0x200 CMakeFiles/battery_pack.dir/Middlewares/Third_Party/FreeRTOS/Source/CMSIS_RTOS_V2/cmsis_os2.c.obj
 .bss.ucHeap    0x20000dc0     0x2000 CMakeFiles/battery_pack.dir/Middlewares/Third_Party/FreeRTOS/Source/portable/MemMang/heap_1.c.obj
 .bss.xNextFreeByte
                0x20002dc0        0x4 CMakeFiles/battery_pack.dir/Middlewares/Third_Party/FreeRTOS/Source/portable/MemMang/heap_1.c.obj
 .bss.pucAlignedHeap.0
                0x20002dc4        0x4 CMakeFiles/battery_pack.dir/Middlewares/Third_Party/FreeRTOS/Source/portable/MemMang/heap_1.c.obj
 *(COMMON)
                0x20002dc8                        . = ALIGN (0x4)
                0x20002dc8                        _ebss = .
                0x20002dc8                        __bss_end__ = _ebss

._user_heap_stack
                0x20002dc8      0x600 load address 0x08007270
                0x20002dc8                        . = ALIGN (0x8)
                [!provide]                        PROVIDE (end = .)
                0x20002dc8                        PROVIDE (_end = .)
                0x20002fc8                        . = (. + _Min_Heap_Size)
 *fill*         0x20002dc8      0x200 
                0x200033c8                        . = (. + _Min_Stack_Size)
 *fill*         0x20002fc8      0x400 
                0x200033c8                        . = ALIGN (0x8)

/DISCARD/
 libc.a(*)
 libm.a(*)
 libgcc.a(*)
OUTPUT(battery_pack.elf elf32-littlearm)
LOAD linker stubs
LOAD C:/ST/STM32CubeCLT_1.17.0/GNU-tools-for-STM32/bin/../lib/gcc/arm-none-eabi/12.3.1/../../../../arm-none-eabi/lib/thumb/v6-m/nofp\libc.a
LOAD C:/ST/STM32CubeCLT_1.17.0/GNU-tools-for-STM32/bin/../lib/gcc/arm-none-eabi/12.3.1/../../../../arm-none-eabi/lib/thumb/v6-m/nofp\libm.a
LOAD C:/ST/STM32CubeCLT_1.17.0/GNU-tools-for-STM32/bin/../lib/gcc/arm-none-eabi/12.3.1/thumb/v6-m/nofp\libgcc.a

.ARM.attributes
                0x00000000       0x28
 .ARM.attributes
                0x00000000       0x1e C:/ST/STM32CubeCLT_1.17.0/GNU-tools-for-STM32/bin/../lib/gcc/arm-none-eabi/12.3.1/thumb/v6-m/nofp/crti.o
 .ARM.attributes
                0x0000001e       0x2c C:/ST/STM32CubeCLT_1.17.0/GNU-tools-for-STM32/bin/../lib/gcc/arm-none-eabi/12.3.1/thumb/v6-m/nofp/crtbegin.o
 .ARM.attributes
                0x0000004a       0x2c C:/ST/STM32CubeCLT_1.17.0/GNU-tools-for-STM32/bin/../lib/gcc/arm-none-eabi/12.3.1/../../../../arm-none-eabi/lib/thumb/v6-m/nofp\libc_nano.a(libc_a-memset.o)
 .ARM.attributes
                0x00000076       0x2c C:/ST/STM32CubeCLT_1.17.0/GNU-tools-for-STM32/bin/../lib/gcc/arm-none-eabi/12.3.1/../../../../arm-none-eabi/lib/thumb/v6-m/nofp\libc_nano.a(libc_a-init.o)
 .ARM.attributes
                0x000000a2       0x2c CMakeFiles/battery_pack.dir/Core/Src/main.c.obj
 .ARM.attributes
                0x000000ce       0x2c CMakeFiles/battery_pack.dir/Core/Src/gpio.c.obj
 .ARM.attributes
                0x000000fa       0x2c CMakeFiles/battery_pack.dir/Core/Src/app_freertos.c.obj
 .ARM.attributes
                0x00000126       0x2c CMakeFiles/battery_pack.dir/Core/Src/adc.c.obj
 .ARM.attributes
                0x00000152       0x2c CMakeFiles/battery_pack.dir/Core/Src/fdcan.c.obj
 .ARM.attributes
                0x0000017e       0x2c CMakeFiles/battery_pack.dir/Core/Src/i2c.c.obj
 .ARM.attributes
                0x000001aa       0x2c CMakeFiles/battery_pack.dir/Core/Src/spi.c.obj
 .ARM.attributes
                0x000001d6       0x2c CMakeFiles/battery_pack.dir/Core/Src/usart.c.obj
 .ARM.attributes
                0x00000202       0x2c CMakeFiles/battery_pack.dir/Core/Src/stm32c0xx_it.c.obj
 .ARM.attributes
                0x0000022e       0x2c CMakeFiles/battery_pack.dir/Core/Src/stm32c0xx_hal_msp.c.obj
 .ARM.attributes
                0x0000025a       0x2c CMakeFiles/battery_pack.dir/Core/Src/stm32c0xx_hal_timebase_tim.c.obj
 .ARM.attributes
                0x00000286       0x2c CMakeFiles/battery_pack.dir/Drivers/STM32C0xx_HAL_Driver/Src/stm32c0xx_hal_tim.c.obj
 .ARM.attributes
                0x000002b2       0x2c CMakeFiles/battery_pack.dir/Drivers/STM32C0xx_HAL_Driver/Src/stm32c0xx_hal_tim_ex.c.obj
 .ARM.attributes
                0x000002de       0x2c CMakeFiles/battery_pack.dir/Drivers/STM32C0xx_HAL_Driver/Src/stm32c0xx_hal.c.obj
 .ARM.attributes
                0x0000030a       0x2c CMakeFiles/battery_pack.dir/Drivers/STM32C0xx_HAL_Driver/Src/stm32c0xx_hal_adc.c.obj
 .ARM.attributes
                0x00000336       0x2c CMakeFiles/battery_pack.dir/Drivers/STM32C0xx_HAL_Driver/Src/stm32c0xx_hal_adc_ex.c.obj
 .ARM.attributes
                0x00000362       0x2c CMakeFiles/battery_pack.dir/Drivers/STM32C0xx_HAL_Driver/Src/stm32c0xx_hal_dma.c.obj
 .ARM.attributes
                0x0000038e       0x2c CMakeFiles/battery_pack.dir/Drivers/STM32C0xx_HAL_Driver/Src/stm32c0xx_hal_rcc.c.obj
 .ARM.attributes
                0x000003ba       0x2c CMakeFiles/battery_pack.dir/Drivers/STM32C0xx_HAL_Driver/Src/stm32c0xx_hal_rcc_ex.c.obj
 .ARM.attributes
                0x000003e6       0x2c CMakeFiles/battery_pack.dir/Drivers/STM32C0xx_HAL_Driver/Src/stm32c0xx_hal_gpio.c.obj
 .ARM.attributes
                0x00000412       0x2c CMakeFiles/battery_pack.dir/Drivers/STM32C0xx_HAL_Driver/Src/stm32c0xx_hal_cortex.c.obj
 .ARM.attributes
                0x0000043e       0x2c CMakeFiles/battery_pack.dir/Drivers/STM32C0xx_HAL_Driver/Src/stm32c0xx_hal_fdcan.c.obj
 .ARM.attributes
                0x0000046a       0x2c CMakeFiles/battery_pack.dir/Drivers/STM32C0xx_HAL_Driver/Src/stm32c0xx_hal_i2c.c.obj
 .ARM.attributes
                0x00000496       0x2c CMakeFiles/battery_pack.dir/Drivers/STM32C0xx_HAL_Driver/Src/stm32c0xx_hal_i2c_ex.c.obj
 .ARM.attributes
                0x000004c2       0x2c CMakeFiles/battery_pack.dir/Drivers/STM32C0xx_HAL_Driver/Src/stm32c0xx_hal_spi.c.obj
 .ARM.attributes
                0x000004ee       0x2c CMakeFiles/battery_pack.dir/Drivers/STM32C0xx_HAL_Driver/Src/stm32c0xx_hal_uart.c.obj
 .ARM.attributes
                0x0000051a       0x2c CMakeFiles/battery_pack.dir/Core/Src/system_stm32c0xx.c.obj
 .ARM.attributes
                0x00000546       0x2c CMakeFiles/battery_pack.dir/Middlewares/Third_Party/FreeRTOS/Source/list.c.obj
 .ARM.attributes
                0x00000572       0x2c CMakeFiles/battery_pack.dir/Middlewares/Third_Party/FreeRTOS/Source/queue.c.obj
 .ARM.attributes
                0x0000059e       0x2c CMakeFiles/battery_pack.dir/Middlewares/Third_Party/FreeRTOS/Source/tasks.c.obj
 .ARM.attributes
                0x000005ca       0x2c CMakeFiles/battery_pack.dir/Middlewares/Third_Party/FreeRTOS/Source/timers.c.obj
 .ARM.attributes
                0x000005f6       0x2c CMakeFiles/battery_pack.dir/Middlewares/Third_Party/FreeRTOS/Source/CMSIS_RTOS_V2/cmsis_os2.c.obj
 .ARM.attributes
                0x00000622       0x2c CMakeFiles/battery_pack.dir/Middlewares/Third_Party/FreeRTOS/Source/portable/GCC/ARM_CM0/port.c.obj
 .ARM.attributes
                0x0000064e       0x2c CMakeFiles/battery_pack.dir/Middlewares/Third_Party/FreeRTOS/Source/portable/MemMang/heap_1.c.obj
 .ARM.attributes
                0x0000067a       0x22 CMakeFiles/battery_pack.dir/startup_stm32c092xx.s.obj
 .ARM.attributes
                0x0000069c       0x1e C:/ST/STM32CubeCLT_1.17.0/GNU-tools-for-STM32/bin/../lib/gcc/arm-none-eabi/12.3.1/thumb/v6-m/nofp\libgcc.a(_udivsi3.o)
 .ARM.attributes
                0x000006ba       0x1e C:/ST/STM32CubeCLT_1.17.0/GNU-tools-for-STM32/bin/../lib/gcc/arm-none-eabi/12.3.1/thumb/v6-m/nofp\libgcc.a(_dvmd_tls.o)
 .ARM.attributes
                0x000006d8       0x2c C:/ST/STM32CubeCLT_1.17.0/GNU-tools-for-STM32/bin/../lib/gcc/arm-none-eabi/12.3.1/../../../../arm-none-eabi/lib/thumb/v6-m/nofp\libg_nano.a(libc_a-memcpy-stub.o)
 .ARM.attributes
                0x00000704       0x1e C:/ST/STM32CubeCLT_1.17.0/GNU-tools-for-STM32/bin/../lib/gcc/arm-none-eabi/12.3.1/thumb/v6-m/nofp/crtn.o

.comment        0x00000000       0x43
 .comment       0x00000000       0x43 CMakeFiles/battery_pack.dir/Core/Src/main.c.obj
                                 0x44 (size before relaxing)
 .comment       0x00000043       0x44 CMakeFiles/battery_pack.dir/Core/Src/gpio.c.obj
 .comment       0x00000043       0x44 CMakeFiles/battery_pack.dir/Core/Src/app_freertos.c.obj
 .comment       0x00000043       0x44 CMakeFiles/battery_pack.dir/Core/Src/adc.c.obj
 .comment       0x00000043       0x44 CMakeFiles/battery_pack.dir/Core/Src/fdcan.c.obj
 .comment       0x00000043       0x44 CMakeFiles/battery_pack.dir/Core/Src/i2c.c.obj
 .comment       0x00000043       0x44 CMakeFiles/battery_pack.dir/Core/Src/spi.c.obj
 .comment       0x00000043       0x44 CMakeFiles/battery_pack.dir/Core/Src/usart.c.obj
 .comment       0x00000043       0x44 CMakeFiles/battery_pack.dir/Core/Src/stm32c0xx_it.c.obj
 .comment       0x00000043       0x44 CMakeFiles/battery_pack.dir/Core/Src/stm32c0xx_hal_msp.c.obj
 .comment       0x00000043       0x44 CMakeFiles/battery_pack.dir/Core/Src/stm32c0xx_hal_timebase_tim.c.obj
 .comment       0x00000043       0x44 CMakeFiles/battery_pack.dir/Drivers/STM32C0xx_HAL_Driver/Src/stm32c0xx_hal_tim.c.obj
 .comment       0x00000043       0x44 CMakeFiles/battery_pack.dir/Drivers/STM32C0xx_HAL_Driver/Src/stm32c0xx_hal_tim_ex.c.obj
 .comment       0x00000043       0x44 CMakeFiles/battery_pack.dir/Drivers/STM32C0xx_HAL_Driver/Src/stm32c0xx_hal.c.obj
 .comment       0x00000043       0x44 CMakeFiles/battery_pack.dir/Drivers/STM32C0xx_HAL_Driver/Src/stm32c0xx_hal_adc.c.obj
 .comment       0x00000043       0x44 CMakeFiles/battery_pack.dir/Drivers/STM32C0xx_HAL_Driver/Src/stm32c0xx_hal_adc_ex.c.obj
 .comment       0x00000043       0x44 CMakeFiles/battery_pack.dir/Drivers/STM32C0xx_HAL_Driver/Src/stm32c0xx_hal_dma.c.obj
 .comment       0x00000043       0x44 CMakeFiles/battery_pack.dir/Drivers/STM32C0xx_HAL_Driver/Src/stm32c0xx_hal_rcc.c.obj
 .comment       0x00000043       0x44 CMakeFiles/battery_pack.dir/Drivers/STM32C0xx_HAL_Driver/Src/stm32c0xx_hal_rcc_ex.c.obj
 .comment       0x00000043       0x44 CMakeFiles/battery_pack.dir/Drivers/STM32C0xx_HAL_Driver/Src/stm32c0xx_hal_gpio.c.obj
 .comment       0x00000043       0x44 CMakeFiles/battery_pack.dir/Drivers/STM32C0xx_HAL_Driver/Src/stm32c0xx_hal_cortex.c.obj
 .comment       0x00000043       0x44 CMakeFiles/battery_pack.dir/Drivers/STM32C0xx_HAL_Driver/Src/stm32c0xx_hal_fdcan.c.obj
 .comment       0x00000043       0x44 CMakeFiles/battery_pack.dir/Drivers/STM32C0xx_HAL_Driver/Src/stm32c0xx_hal_i2c.c.obj
 .comment       0x00000043       0x44 CMakeFiles/battery_pack.dir/Drivers/STM32C0xx_HAL_Driver/Src/stm32c0xx_hal_i2c_ex.c.obj
 .comment       0x00000043       0x44 CMakeFiles/battery_pack.dir/Drivers/STM32C0xx_HAL_Driver/Src/stm32c0xx_hal_spi.c.obj
 .comment       0x00000043       0x44 CMakeFiles/battery_pack.dir/Drivers/STM32C0xx_HAL_Driver/Src/stm32c0xx_hal_uart.c.obj
 .comment       0x00000043       0x44 CMakeFiles/battery_pack.dir/Core/Src/system_stm32c0xx.c.obj
 .comment       0x00000043       0x44 CMakeFiles/battery_pack.dir/Middlewares/Third_Party/FreeRTOS/Source/list.c.obj
 .comment       0x00000043       0x44 CMakeFiles/battery_pack.dir/Middlewares/Third_Party/FreeRTOS/Source/queue.c.obj
 .comment       0x00000043       0x44 CMakeFiles/battery_pack.dir/Middlewares/Third_Party/FreeRTOS/Source/tasks.c.obj
 .comment       0x00000043       0x44 CMakeFiles/battery_pack.dir/Middlewares/Third_Party/FreeRTOS/Source/timers.c.obj
 .comment       0x00000043       0x44 CMakeFiles/battery_pack.dir/Middlewares/Third_Party/FreeRTOS/Source/CMSIS_RTOS_V2/cmsis_os2.c.obj
 .comment       0x00000043       0x44 CMakeFiles/battery_pack.dir/Middlewares/Third_Party/FreeRTOS/Source/portable/GCC/ARM_CM0/port.c.obj
 .comment       0x00000043       0x44 CMakeFiles/battery_pack.dir/Middlewares/Third_Party/FreeRTOS/Source/portable/MemMang/heap_1.c.obj
 .comment       0x00000043       0x44 C:/ST/STM32CubeCLT_1.17.0/GNU-tools-for-STM32/bin/../lib/gcc/arm-none-eabi/12.3.1/../../../../arm-none-eabi/lib/thumb/v6-m/nofp\libg_nano.a(libc_a-memcpy-stub.o)

.debug_frame    0x00000000     0x72e4
 .debug_frame   0x00000000       0x20 C:/ST/STM32CubeCLT_1.17.0/GNU-tools-for-STM32/bin/../lib/gcc/arm-none-eabi/12.3.1/../../../../arm-none-eabi/lib/thumb/v6-m/nofp\libc_nano.a(libc_a-memset.o)
 .debug_frame   0x00000020       0x2c C:/ST/STM32CubeCLT_1.17.0/GNU-tools-for-STM32/bin/../lib/gcc/arm-none-eabi/12.3.1/../../../../arm-none-eabi/lib/thumb/v6-m/nofp\libc_nano.a(libc_a-init.o)
 .debug_frame   0x0000004c       0x88 CMakeFiles/battery_pack.dir/Core/Src/main.c.obj
 .debug_frame   0x000000d4       0x30 CMakeFiles/battery_pack.dir/Core/Src/gpio.c.obj
 .debug_frame   0x00000104       0x4c CMakeFiles/battery_pack.dir/Core/Src/app_freertos.c.obj
 .debug_frame   0x00000150       0x70 CMakeFiles/battery_pack.dir/Core/Src/adc.c.obj
 .debug_frame   0x000001c0       0x6c CMakeFiles/battery_pack.dir/Core/Src/fdcan.c.obj
 .debug_frame   0x0000022c       0x6c CMakeFiles/battery_pack.dir/Core/Src/i2c.c.obj
 .debug_frame   0x00000298       0x6c CMakeFiles/battery_pack.dir/Core/Src/spi.c.obj
 .debug_frame   0x00000304       0x6c CMakeFiles/battery_pack.dir/Core/Src/usart.c.obj
 .debug_frame   0x00000370       0xd4 CMakeFiles/battery_pack.dir/Core/Src/stm32c0xx_it.c.obj
 .debug_frame   0x00000444       0x30 CMakeFiles/battery_pack.dir/Core/Src/stm32c0xx_hal_msp.c.obj
 .debug_frame   0x00000474       0x68 CMakeFiles/battery_pack.dir/Core/Src/stm32c0xx_hal_timebase_tim.c.obj
 .debug_frame   0x000004dc      0xf40 CMakeFiles/battery_pack.dir/Drivers/STM32C0xx_HAL_Driver/Src/stm32c0xx_hal_tim.c.obj
 .debug_frame   0x0000141c      0x620 CMakeFiles/battery_pack.dir/Drivers/STM32C0xx_HAL_Driver/Src/stm32c0xx_hal_tim_ex.c.obj
 .debug_frame   0x00001a3c      0x368 CMakeFiles/battery_pack.dir/Drivers/STM32C0xx_HAL_Driver/Src/stm32c0xx_hal.c.obj
 .debug_frame   0x00001da4      0x7d0 CMakeFiles/battery_pack.dir/Drivers/STM32C0xx_HAL_Driver/Src/stm32c0xx_hal_adc.c.obj
 .debug_frame   0x00002574      0x270 CMakeFiles/battery_pack.dir/Drivers/STM32C0xx_HAL_Driver/Src/stm32c0xx_hal_adc_ex.c.obj
 .debug_frame   0x000027e4      0x1f0 CMakeFiles/battery_pack.dir/Drivers/STM32C0xx_HAL_Driver/Src/stm32c0xx_hal_dma.c.obj
 .debug_frame   0x000029d4      0x214 CMakeFiles/battery_pack.dir/Drivers/STM32C0xx_HAL_Driver/Src/stm32c0xx_hal_rcc.c.obj
 .debug_frame   0x00002be8       0xac CMakeFiles/battery_pack.dir/Drivers/STM32C0xx_HAL_Driver/Src/stm32c0xx_hal_rcc_ex.c.obj
 .debug_frame   0x00002c94      0x150 CMakeFiles/battery_pack.dir/Drivers/STM32C0xx_HAL_Driver/Src/stm32c0xx_hal_gpio.c.obj
 .debug_frame   0x00002de4      0x33c CMakeFiles/battery_pack.dir/Drivers/STM32C0xx_HAL_Driver/Src/stm32c0xx_hal_cortex.c.obj
 .debug_frame   0x00003120      0x7d0 CMakeFiles/battery_pack.dir/Drivers/STM32C0xx_HAL_Driver/Src/stm32c0xx_hal_fdcan.c.obj
 .debug_frame   0x000038f0      0xa68 CMakeFiles/battery_pack.dir/Drivers/STM32C0xx_HAL_Driver/Src/stm32c0xx_hal_i2c.c.obj
 .debug_frame   0x00004358       0xd0 CMakeFiles/battery_pack.dir/Drivers/STM32C0xx_HAL_Driver/Src/stm32c0xx_hal_i2c_ex.c.obj
 .debug_frame   0x00004428      0x710 CMakeFiles/battery_pack.dir/Drivers/STM32C0xx_HAL_Driver/Src/stm32c0xx_hal_spi.c.obj
 .debug_frame   0x00004b38      0x8d4 CMakeFiles/battery_pack.dir/Drivers/STM32C0xx_HAL_Driver/Src/stm32c0xx_hal_uart.c.obj
 .debug_frame   0x0000540c       0x4c CMakeFiles/battery_pack.dir/Core/Src/system_stm32c0xx.c.obj
 .debug_frame   0x00005458       0xb0 CMakeFiles/battery_pack.dir/Middlewares/Third_Party/FreeRTOS/Source/list.c.obj
 .debug_frame   0x00005508      0x578 CMakeFiles/battery_pack.dir/Middlewares/Third_Party/FreeRTOS/Source/queue.c.obj
 .debug_frame   0x00005a80      0x7d8 CMakeFiles/battery_pack.dir/Middlewares/Third_Party/FreeRTOS/Source/tasks.c.obj
 .debug_frame   0x00006258      0x3cc CMakeFiles/battery_pack.dir/Middlewares/Third_Party/FreeRTOS/Source/timers.c.obj
 .debug_frame   0x00006624      0xa7c CMakeFiles/battery_pack.dir/Middlewares/Third_Party/FreeRTOS/Source/CMSIS_RTOS_V2/cmsis_os2.c.obj
 .debug_frame   0x000070a0      0x174 CMakeFiles/battery_pack.dir/Middlewares/Third_Party/FreeRTOS/Source/portable/GCC/ARM_CM0/port.c.obj
 .debug_frame   0x00007214       0x88 CMakeFiles/battery_pack.dir/Middlewares/Third_Party/FreeRTOS/Source/portable/MemMang/heap_1.c.obj
 .debug_frame   0x0000729c       0x20 C:/ST/STM32CubeCLT_1.17.0/GNU-tools-for-STM32/bin/../lib/gcc/arm-none-eabi/12.3.1/thumb/v6-m/nofp\libgcc.a(_udivsi3.o)
 .debug_frame   0x000072bc       0x28 C:/ST/STM32CubeCLT_1.17.0/GNU-tools-for-STM32/bin/../lib/gcc/arm-none-eabi/12.3.1/../../../../arm-none-eabi/lib/thumb/v6-m/nofp\libg_nano.a(libc_a-memcpy-stub.o)

.debug_info     0x00000000    0x22be7
 .debug_info    0x00000000      0xade CMakeFiles/battery_pack.dir/Core/Src/main.c.obj
 .debug_info    0x00000ade      0x388 CMakeFiles/battery_pack.dir/Core/Src/gpio.c.obj
 .debug_info    0x00000e66      0x397 CMakeFiles/battery_pack.dir/Core/Src/app_freertos.c.obj
 .debug_info    0x000011fd      0xcb4 CMakeFiles/battery_pack.dir/Core/Src/adc.c.obj
 .debug_info    0x00001eb1      0xae8 CMakeFiles/battery_pack.dir/Core/Src/fdcan.c.obj
 .debug_info    0x00002999      0xc12 CMakeFiles/battery_pack.dir/Core/Src/i2c.c.obj
 .debug_info    0x000035ab      0xbba CMakeFiles/battery_pack.dir/Core/Src/spi.c.obj
 .debug_info    0x00004165      0xae8 CMakeFiles/battery_pack.dir/Core/Src/usart.c.obj
 .debug_info    0x00004c4d     0x15b7 CMakeFiles/battery_pack.dir/Core/Src/stm32c0xx_it.c.obj
 .debug_info    0x00006204      0x314 CMakeFiles/battery_pack.dir/Core/Src/stm32c0xx_hal_msp.c.obj
 .debug_info    0x00006518      0xb3b CMakeFiles/battery_pack.dir/Core/Src/stm32c0xx_hal_timebase_tim.c.obj
 .debug_info    0x00007053     0x2b86 CMakeFiles/battery_pack.dir/Drivers/STM32C0xx_HAL_Driver/Src/stm32c0xx_hal_tim.c.obj
 .debug_info    0x00009bd9     0x1899 CMakeFiles/battery_pack.dir/Drivers/STM32C0xx_HAL_Driver/Src/stm32c0xx_hal_tim_ex.c.obj
 .debug_info    0x0000b472      0x85c CMakeFiles/battery_pack.dir/Drivers/STM32C0xx_HAL_Driver/Src/stm32c0xx_hal.c.obj
 .debug_info    0x0000bcce     0x1588 CMakeFiles/battery_pack.dir/Drivers/STM32C0xx_HAL_Driver/Src/stm32c0xx_hal_adc.c.obj
 .debug_info    0x0000d256      0xaf4 CMakeFiles/battery_pack.dir/Drivers/STM32C0xx_HAL_Driver/Src/stm32c0xx_hal_adc_ex.c.obj
 .debug_info    0x0000dd4a      0x825 CMakeFiles/battery_pack.dir/Drivers/STM32C0xx_HAL_Driver/Src/stm32c0xx_hal_dma.c.obj
 .debug_info    0x0000e56f      0x917 CMakeFiles/battery_pack.dir/Drivers/STM32C0xx_HAL_Driver/Src/stm32c0xx_hal_rcc.c.obj
 .debug_info    0x0000ee86      0x55d CMakeFiles/battery_pack.dir/Drivers/STM32C0xx_HAL_Driver/Src/stm32c0xx_hal_rcc_ex.c.obj
 .debug_info    0x0000f3e3      0x59f CMakeFiles/battery_pack.dir/Drivers/STM32C0xx_HAL_Driver/Src/stm32c0xx_hal_gpio.c.obj
 .debug_info    0x0000f982      0x8a5 CMakeFiles/battery_pack.dir/Drivers/STM32C0xx_HAL_Driver/Src/stm32c0xx_hal_cortex.c.obj
 .debug_info    0x00010227     0x185e CMakeFiles/battery_pack.dir/Drivers/STM32C0xx_HAL_Driver/Src/stm32c0xx_hal_fdcan.c.obj
 .debug_info    0x00011a85     0x21c4 CMakeFiles/battery_pack.dir/Drivers/STM32C0xx_HAL_Driver/Src/stm32c0xx_hal_i2c.c.obj
 .debug_info    0x00013c49      0x9fd CMakeFiles/battery_pack.dir/Drivers/STM32C0xx_HAL_Driver/Src/stm32c0xx_hal_i2c_ex.c.obj
 .debug_info    0x00014646     0x1638 CMakeFiles/battery_pack.dir/Drivers/STM32C0xx_HAL_Driver/Src/stm32c0xx_hal_spi.c.obj
 .debug_info    0x00015c7e     0x4809 CMakeFiles/battery_pack.dir/Drivers/STM32C0xx_HAL_Driver/Src/stm32c0xx_hal_uart.c.obj
 .debug_info    0x0001a487      0x373 CMakeFiles/battery_pack.dir/Core/Src/system_stm32c0xx.c.obj
 .debug_info    0x0001a7fa      0x2af CMakeFiles/battery_pack.dir/Middlewares/Third_Party/FreeRTOS/Source/list.c.obj
 .debug_info    0x0001aaa9     0x169b CMakeFiles/battery_pack.dir/Middlewares/Third_Party/FreeRTOS/Source/queue.c.obj
 .debug_info    0x0001c144     0x2085 CMakeFiles/battery_pack.dir/Middlewares/Third_Party/FreeRTOS/Source/tasks.c.obj
 .debug_info    0x0001e1c9     0x130b CMakeFiles/battery_pack.dir/Middlewares/Third_Party/FreeRTOS/Source/timers.c.obj
 .debug_info    0x0001f4d4     0x318e CMakeFiles/battery_pack.dir/Middlewares/Third_Party/FreeRTOS/Source/CMSIS_RTOS_V2/cmsis_os2.c.obj
 .debug_info    0x00022662      0x290 CMakeFiles/battery_pack.dir/Middlewares/Third_Party/FreeRTOS/Source/portable/GCC/ARM_CM0/port.c.obj
 .debug_info    0x000228f2      0x1aa CMakeFiles/battery_pack.dir/Middlewares/Third_Party/FreeRTOS/Source/portable/MemMang/heap_1.c.obj
 .debug_info    0x00022a9c       0x30 CMakeFiles/battery_pack.dir/startup_stm32c092xx.s.obj
 .debug_info    0x00022acc      0x11b C:/ST/STM32CubeCLT_1.17.0/GNU-tools-for-STM32/bin/../lib/gcc/arm-none-eabi/12.3.1/../../../../arm-none-eabi/lib/thumb/v6-m/nofp\libg_nano.a(libc_a-memcpy-stub.o)

.debug_abbrev   0x00000000     0x4ba6
 .debug_abbrev  0x00000000      0x234 CMakeFiles/battery_pack.dir/Core/Src/main.c.obj
 .debug_abbrev  0x00000234      0x13b CMakeFiles/battery_pack.dir/Core/Src/gpio.c.obj
 .debug_abbrev  0x0000036f      0x14d CMakeFiles/battery_pack.dir/Core/Src/app_freertos.c.obj
 .debug_abbrev  0x000004bc      0x210 CMakeFiles/battery_pack.dir/Core/Src/adc.c.obj
 .debug_abbrev  0x000006cc      0x1f2 CMakeFiles/battery_pack.dir/Core/Src/fdcan.c.obj
 .debug_abbrev  0x000008be      0x23a CMakeFiles/battery_pack.dir/Core/Src/i2c.c.obj
 .debug_abbrev  0x00000af8      0x215 CMakeFiles/battery_pack.dir/Core/Src/spi.c.obj
 .debug_abbrev  0x00000d0d      0x1f4 CMakeFiles/battery_pack.dir/Core/Src/usart.c.obj
 .debug_abbrev  0x00000f01      0x1a2 CMakeFiles/battery_pack.dir/Core/Src/stm32c0xx_it.c.obj
 .debug_abbrev  0x000010a3      0x117 CMakeFiles/battery_pack.dir/Core/Src/stm32c0xx_hal_msp.c.obj
 .debug_abbrev  0x000011ba      0x21a CMakeFiles/battery_pack.dir/Core/Src/stm32c0xx_hal_timebase_tim.c.obj
 .debug_abbrev  0x000013d4      0x287 CMakeFiles/battery_pack.dir/Drivers/STM32C0xx_HAL_Driver/Src/stm32c0xx_hal_tim.c.obj
 .debug_abbrev  0x0000165b      0x2a7 CMakeFiles/battery_pack.dir/Drivers/STM32C0xx_HAL_Driver/Src/stm32c0xx_hal_tim_ex.c.obj
 .debug_abbrev  0x00001902      0x2cb CMakeFiles/battery_pack.dir/Drivers/STM32C0xx_HAL_Driver/Src/stm32c0xx_hal.c.obj
 .debug_abbrev  0x00001bcd      0x266 CMakeFiles/battery_pack.dir/Drivers/STM32C0xx_HAL_Driver/Src/stm32c0xx_hal_adc.c.obj
 .debug_abbrev  0x00001e33      0x244 CMakeFiles/battery_pack.dir/Drivers/STM32C0xx_HAL_Driver/Src/stm32c0xx_hal_adc_ex.c.obj
 .debug_abbrev  0x00002077      0x226 CMakeFiles/battery_pack.dir/Drivers/STM32C0xx_HAL_Driver/Src/stm32c0xx_hal_dma.c.obj
 .debug_abbrev  0x0000229d      0x28c CMakeFiles/battery_pack.dir/Drivers/STM32C0xx_HAL_Driver/Src/stm32c0xx_hal_rcc.c.obj
 .debug_abbrev  0x00002529      0x225 CMakeFiles/battery_pack.dir/Drivers/STM32C0xx_HAL_Driver/Src/stm32c0xx_hal_rcc_ex.c.obj
 .debug_abbrev  0x0000274e      0x1db CMakeFiles/battery_pack.dir/Drivers/STM32C0xx_HAL_Driver/Src/stm32c0xx_hal_gpio.c.obj
 .debug_abbrev  0x00002929      0x2b7 CMakeFiles/battery_pack.dir/Drivers/STM32C0xx_HAL_Driver/Src/stm32c0xx_hal_cortex.c.obj
 .debug_abbrev  0x00002be0      0x1ea CMakeFiles/battery_pack.dir/Drivers/STM32C0xx_HAL_Driver/Src/stm32c0xx_hal_fdcan.c.obj
 .debug_abbrev  0x00002dca      0x26e CMakeFiles/battery_pack.dir/Drivers/STM32C0xx_HAL_Driver/Src/stm32c0xx_hal_i2c.c.obj
 .debug_abbrev  0x00003038      0x1df CMakeFiles/battery_pack.dir/Drivers/STM32C0xx_HAL_Driver/Src/stm32c0xx_hal_i2c_ex.c.obj
 .debug_abbrev  0x00003217      0x25c CMakeFiles/battery_pack.dir/Drivers/STM32C0xx_HAL_Driver/Src/stm32c0xx_hal_spi.c.obj
 .debug_abbrev  0x00003473      0x311 CMakeFiles/battery_pack.dir/Drivers/STM32C0xx_HAL_Driver/Src/stm32c0xx_hal_uart.c.obj
 .debug_abbrev  0x00003784      0x119 CMakeFiles/battery_pack.dir/Core/Src/system_stm32c0xx.c.obj
 .debug_abbrev  0x0000389d       0xf5 CMakeFiles/battery_pack.dir/Middlewares/Third_Party/FreeRTOS/Source/list.c.obj
 .debug_abbrev  0x00003992      0x328 CMakeFiles/battery_pack.dir/Middlewares/Third_Party/FreeRTOS/Source/queue.c.obj
 .debug_abbrev  0x00003cba      0x329 CMakeFiles/battery_pack.dir/Middlewares/Third_Party/FreeRTOS/Source/tasks.c.obj
 .debug_abbrev  0x00003fe3      0x312 CMakeFiles/battery_pack.dir/Middlewares/Third_Party/FreeRTOS/Source/timers.c.obj
 .debug_abbrev  0x000042f5      0x4c1 CMakeFiles/battery_pack.dir/Middlewares/Third_Party/FreeRTOS/Source/CMSIS_RTOS_V2/cmsis_os2.c.obj
 .debug_abbrev  0x000047b6      0x1e8 CMakeFiles/battery_pack.dir/Middlewares/Third_Party/FreeRTOS/Source/portable/GCC/ARM_CM0/port.c.obj
 .debug_abbrev  0x0000499e      0x123 CMakeFiles/battery_pack.dir/Middlewares/Third_Party/FreeRTOS/Source/portable/MemMang/heap_1.c.obj
 .debug_abbrev  0x00004ac1       0x24 CMakeFiles/battery_pack.dir/startup_stm32c092xx.s.obj
 .debug_abbrev  0x00004ae5       0xc1 C:/ST/STM32CubeCLT_1.17.0/GNU-tools-for-STM32/bin/../lib/gcc/arm-none-eabi/12.3.1/../../../../arm-none-eabi/lib/thumb/v6-m/nofp\libg_nano.a(libc_a-memcpy-stub.o)

.debug_aranges  0x00000000     0x1fb8
 .debug_aranges
                0x00000000       0x38 CMakeFiles/battery_pack.dir/Core/Src/main.c.obj
 .debug_aranges
                0x00000038       0x20 CMakeFiles/battery_pack.dir/Core/Src/gpio.c.obj
 .debug_aranges
                0x00000058       0x28 CMakeFiles/battery_pack.dir/Core/Src/app_freertos.c.obj
 .debug_aranges
                0x00000080       0x30 CMakeFiles/battery_pack.dir/Core/Src/adc.c.obj
 .debug_aranges
                0x000000b0       0x30 CMakeFiles/battery_pack.dir/Core/Src/fdcan.c.obj
 .debug_aranges
                0x000000e0       0x30 CMakeFiles/battery_pack.dir/Core/Src/i2c.c.obj
 .debug_aranges
                0x00000110       0x30 CMakeFiles/battery_pack.dir/Core/Src/spi.c.obj
 .debug_aranges
                0x00000140       0x30 CMakeFiles/battery_pack.dir/Core/Src/usart.c.obj
 .debug_aranges
                0x00000170       0x50 CMakeFiles/battery_pack.dir/Core/Src/stm32c0xx_it.c.obj
 .debug_aranges
                0x000001c0       0x20 CMakeFiles/battery_pack.dir/Core/Src/stm32c0xx_hal_msp.c.obj
 .debug_aranges
                0x000001e0       0x30 CMakeFiles/battery_pack.dir/Core/Src/stm32c0xx_hal_timebase_tim.c.obj
 .debug_aranges
                0x00000210      0x3e0 CMakeFiles/battery_pack.dir/Drivers/STM32C0xx_HAL_Driver/Src/stm32c0xx_hal_tim.c.obj
 .debug_aranges
                0x000005f0      0x198 CMakeFiles/battery_pack.dir/Drivers/STM32C0xx_HAL_Driver/Src/stm32c0xx_hal_tim_ex.c.obj
 .debug_aranges
                0x00000788      0x100 CMakeFiles/battery_pack.dir/Drivers/STM32C0xx_HAL_Driver/Src/stm32c0xx_hal.c.obj
 .debug_aranges
                0x00000888      0x200 CMakeFiles/battery_pack.dir/Drivers/STM32C0xx_HAL_Driver/Src/stm32c0xx_hal_adc.c.obj
 .debug_aranges
                0x00000a88       0xb0 CMakeFiles/battery_pack.dir/Drivers/STM32C0xx_HAL_Driver/Src/stm32c0xx_hal_adc_ex.c.obj
 .debug_aranges
                0x00000b38       0x90 CMakeFiles/battery_pack.dir/Drivers/STM32C0xx_HAL_Driver/Src/stm32c0xx_hal_dma.c.obj
 .debug_aranges
                0x00000bc8       0xa0 CMakeFiles/battery_pack.dir/Drivers/STM32C0xx_HAL_Driver/Src/stm32c0xx_hal_rcc.c.obj
 .debug_aranges
                0x00000c68       0x40 CMakeFiles/battery_pack.dir/Drivers/STM32C0xx_HAL_Driver/Src/stm32c0xx_hal_rcc_ex.c.obj
 .debug_aranges
                0x00000ca8       0x68 CMakeFiles/battery_pack.dir/Drivers/STM32C0xx_HAL_Driver/Src/stm32c0xx_hal_gpio.c.obj
 .debug_aranges
                0x00000d10       0xe8 CMakeFiles/battery_pack.dir/Drivers/STM32C0xx_HAL_Driver/Src/stm32c0xx_hal_cortex.c.obj
 .debug_aranges
                0x00000df8      0x208 CMakeFiles/battery_pack.dir/Drivers/STM32C0xx_HAL_Driver/Src/stm32c0xx_hal_fdcan.c.obj
 .debug_aranges
                0x00001000      0x2a0 CMakeFiles/battery_pack.dir/Drivers/STM32C0xx_HAL_Driver/Src/stm32c0xx_hal_i2c.c.obj
 .debug_aranges
                0x000012a0       0x48 CMakeFiles/battery_pack.dir/Drivers/STM32C0xx_HAL_Driver/Src/stm32c0xx_hal_i2c_ex.c.obj
 .debug_aranges
                0x000012e8      0x1d8 CMakeFiles/battery_pack.dir/Drivers/STM32C0xx_HAL_Driver/Src/stm32c0xx_hal_spi.c.obj
 .debug_aranges
                0x000014c0      0x248 CMakeFiles/battery_pack.dir/Drivers/STM32C0xx_HAL_Driver/Src/stm32c0xx_hal_uart.c.obj
 .debug_aranges
                0x00001708       0x28 CMakeFiles/battery_pack.dir/Core/Src/system_stm32c0xx.c.obj
 .debug_aranges
                0x00001730       0x40 CMakeFiles/battery_pack.dir/Middlewares/Third_Party/FreeRTOS/Source/list.c.obj
 .debug_aranges
                0x00001770      0x170 CMakeFiles/battery_pack.dir/Middlewares/Third_Party/FreeRTOS/Source/queue.c.obj
 .debug_aranges
                0x000018e0      0x210 CMakeFiles/battery_pack.dir/Middlewares/Third_Party/FreeRTOS/Source/tasks.c.obj
 .debug_aranges
                0x00001af0      0x108 CMakeFiles/battery_pack.dir/Middlewares/Third_Party/FreeRTOS/Source/timers.c.obj
 .debug_aranges
                0x00001bf8      0x2b8 CMakeFiles/battery_pack.dir/Middlewares/Third_Party/FreeRTOS/Source/CMSIS_RTOS_V2/cmsis_os2.c.obj
 .debug_aranges
                0x00001eb0       0x88 CMakeFiles/battery_pack.dir/Middlewares/Third_Party/FreeRTOS/Source/portable/GCC/ARM_CM0/port.c.obj
 .debug_aranges
                0x00001f38       0x38 CMakeFiles/battery_pack.dir/Middlewares/Third_Party/FreeRTOS/Source/portable/MemMang/heap_1.c.obj
 .debug_aranges
                0x00001f70       0x28 CMakeFiles/battery_pack.dir/startup_stm32c092xx.s.obj
 .debug_aranges
                0x00001f98       0x20 C:/ST/STM32CubeCLT_1.17.0/GNU-tools-for-STM32/bin/../lib/gcc/arm-none-eabi/12.3.1/../../../../arm-none-eabi/lib/thumb/v6-m/nofp\libg_nano.a(libc_a-memcpy-stub.o)

.debug_rnglists
                0x00000000     0x18aa
 .debug_rnglists
                0x00000000       0x26 CMakeFiles/battery_pack.dir/Core/Src/main.c.obj
 .debug_rnglists
                0x00000026       0x14 CMakeFiles/battery_pack.dir/Core/Src/gpio.c.obj
 .debug_rnglists
                0x0000003a       0x19 CMakeFiles/battery_pack.dir/Core/Src/app_freertos.c.obj
 .debug_rnglists
                0x00000053       0x21 CMakeFiles/battery_pack.dir/Core/Src/adc.c.obj
 .debug_rnglists
                0x00000074       0x21 CMakeFiles/battery_pack.dir/Core/Src/fdcan.c.obj
 .debug_rnglists
                0x00000095       0x21 CMakeFiles/battery_pack.dir/Core/Src/i2c.c.obj
 .debug_rnglists
                0x000000b6       0x20 CMakeFiles/battery_pack.dir/Core/Src/spi.c.obj
 .debug_rnglists
                0x000000d6       0x20 CMakeFiles/battery_pack.dir/Core/Src/usart.c.obj
 .debug_rnglists
                0x000000f6       0x37 CMakeFiles/battery_pack.dir/Core/Src/stm32c0xx_it.c.obj
 .debug_rnglists
                0x0000012d       0x13 CMakeFiles/battery_pack.dir/Core/Src/stm32c0xx_hal_msp.c.obj
 .debug_rnglists
                0x00000140       0x20 CMakeFiles/battery_pack.dir/Core/Src/stm32c0xx_hal_timebase_tim.c.obj
 .debug_rnglists
                0x00000160      0x32a CMakeFiles/battery_pack.dir/Drivers/STM32C0xx_HAL_Driver/Src/stm32c0xx_hal_tim.c.obj
 .debug_rnglists
                0x0000048a      0x14e CMakeFiles/battery_pack.dir/Drivers/STM32C0xx_HAL_Driver/Src/stm32c0xx_hal_tim_ex.c.obj
 .debug_rnglists
                0x000005d8       0xbc CMakeFiles/battery_pack.dir/Drivers/STM32C0xx_HAL_Driver/Src/stm32c0xx_hal.c.obj
 .debug_rnglists
                0x00000694      0x18a CMakeFiles/battery_pack.dir/Drivers/STM32C0xx_HAL_Driver/Src/stm32c0xx_hal_adc.c.obj
 .debug_rnglists
                0x0000081e       0x81 CMakeFiles/battery_pack.dir/Drivers/STM32C0xx_HAL_Driver/Src/stm32c0xx_hal_adc_ex.c.obj
 .debug_rnglists
                0x0000089f       0x72 CMakeFiles/battery_pack.dir/Drivers/STM32C0xx_HAL_Driver/Src/stm32c0xx_hal_dma.c.obj
 .debug_rnglists
                0x00000911       0x78 CMakeFiles/battery_pack.dir/Drivers/STM32C0xx_HAL_Driver/Src/stm32c0xx_hal_rcc.c.obj
 .debug_rnglists
                0x00000989       0x2e CMakeFiles/battery_pack.dir/Drivers/STM32C0xx_HAL_Driver/Src/stm32c0xx_hal_rcc_ex.c.obj
 .debug_rnglists
                0x000009b7       0x4b CMakeFiles/battery_pack.dir/Drivers/STM32C0xx_HAL_Driver/Src/stm32c0xx_hal_gpio.c.obj
 .debug_rnglists
                0x00000a02       0xaa CMakeFiles/battery_pack.dir/Drivers/STM32C0xx_HAL_Driver/Src/stm32c0xx_hal_cortex.c.obj
 .debug_rnglists
                0x00000aac      0x18d CMakeFiles/battery_pack.dir/Drivers/STM32C0xx_HAL_Driver/Src/stm32c0xx_hal_fdcan.c.obj
 .debug_rnglists
                0x00000c39      0x229 CMakeFiles/battery_pack.dir/Drivers/STM32C0xx_HAL_Driver/Src/stm32c0xx_hal_i2c.c.obj
 .debug_rnglists
                0x00000e62       0x35 CMakeFiles/battery_pack.dir/Drivers/STM32C0xx_HAL_Driver/Src/stm32c0xx_hal_i2c_ex.c.obj
 .debug_rnglists
                0x00000e97      0x17a CMakeFiles/battery_pack.dir/Drivers/STM32C0xx_HAL_Driver/Src/stm32c0xx_hal_spi.c.obj
 .debug_rnglists
                0x00001011      0x1fb CMakeFiles/battery_pack.dir/Drivers/STM32C0xx_HAL_Driver/Src/stm32c0xx_hal_uart.c.obj
 .debug_rnglists
                0x0000120c       0x1a CMakeFiles/battery_pack.dir/Core/Src/system_stm32c0xx.c.obj
 .debug_rnglists
                0x00001226       0x2b CMakeFiles/battery_pack.dir/Middlewares/Third_Party/FreeRTOS/Source/list.c.obj
 .debug_rnglists