Circuit: * C:\Users\Daniel\daniel\projects\power_supply\hardware\simulations\Draft2.asc

Warning: Multiple definitions of model "2scr375p" Type: BJT
Warning: Multiple definitions of model "bc857b" Type: BJT
Warning: Multiple definitions of model "bc847c" Type: BJT
Warning: Multiple definitions of model "bc847b" Type: BJT
Direct Newton iteration for .op point succeeded.

Date: Thu Nov 28 16:25:36 2024
Total elapsed time: 0.077 seconds.

tnom = 27
temp = 27
method = modified trap
totiter = 2093
traniter = 2082
tranpoints = 1042
accept = 1042
rejected = 0
matrix size = 29
fillins = 8
solver = Normal
Avg thread counts: 1.1/1.3/1.3/1.1
Matrix Compiler1: off  [0.6]/1.0/0.7
Matrix Compiler2: off  [0.5]/1.3/0.6

