LTspice 24.1.4 for Windows
Circuit: D:\daniel\projects\power_supply\hardware\simulations\output_stage2_simuasc.net
Start Time: Sat Apr 26 19:01:31 2025
solver = Normal
Maximum thread count: 16
tnom = 27
temp = 27
method = trap
reltol = 0.01
C4: Increased Cpar to 1e-12
C5: Increased Cpar to 1e-12
C7: Increased Cpar to 1e-12
C8: Increased Cpar to 1e-12
C1: Increased Cpar to 3.3e-10
C6: Increased Cpar to 3.3e-10
C9: Increased Cpar to 3.3e-10
C11: Increased Cpar to 6.3e-10
C2: Increased Cpar to 1e-12
C12: Increased Cpar to 1e-12
C10: Increased Cpar to 1e-12
C13: Increased Cpar to 1e-12
C14: Increased Cpar to 3.3e-10
C3: Increased Cpar to 3.3e-10
Direct Newton iteration failed to find .op point.  (Use ".option noopiter" to skip.)
Starting Gmin stepping
Gmin = 10
Gmin = 1.07374
Gmin = 0.115292
Gmin = 0.0123794
Gmin = 0.00132923
Gmin = 0.000142725
vernier = 0.5
vernier = 0.25
vernier = 0.125
vernier = 0.0625
Gmin = 0.000107463
vernier = 0.03125
vernier = 0.015625
vernier = 0.0078125
vernier = 0.00390625
Gmin = 0.000107254
vernier = 0.00195312
vernier = 0.000976562
vernier = 0.000488281
Gmin = 0
Gmin = 0
Gmin stepping succeeded in finding the operating point.

Changing Tseed to 1e-09

Simulation stopped by user.
Total elapsed time: 59.557 seconds.

Files loaded:
D:\daniel\projects\power_supply\hardware\simulations\output_stage2_simuasc.net
C:\Users\Daniel\AppData\Local\LTspice\lib\cmp\standard.dio
C:\Users\Daniel\AppData\Local\LTspice\lib\cmp\standard.mos
D:\daniel\projects\power_supply\hardware\simulations\TSB712.mod
C:\Users\Daniel\AppData\Local\LTspice\lib\sub\ADA4620.lib

