Circuit: * C:\Users\Daniel\daniel\projects\power_supply\hardware\simulations\Draft1.asc

Warning: Multiple definitions of model "2scr375p" Type: BJT
Warning: Multiple definitions of model "bc857b" Type: BJT
Warning: Multiple definitions of model "bc847c" Type: BJT
Warning: Multiple definitions of model "bc847b" Type: BJT
Direct Newton iteration for .op point succeeded.

Date: Thu Nov 28 14:19:22 2024
Total elapsed time: 0.136 seconds.

tnom = 27
temp = 27
method = modified trap
totiter = 2095
traniter = 2088
tranpoints = 1045
accept = 1045
rejected = 0
matrix size = 17
fillins = 2
solver = Normal
Avg thread counts: 1.1/1.3/1.3/1.1
Matrix Compiler1: off  [1.2]/1.8/1.3
Matrix Compiler2: off  [0.9]/2.2/1.3

