LTspice 24.1.4 for Windows
Circuit: D:\daniel\projects\power_supply\hardware\simulations\output_stage2_simuasc.net
Start Time: Sun Apr 20 21:12:25 2025
solver = Normal
Maximum thread count: 16
tnom = 27
temp = 27
method = trap
reltol = 0.01
C4: Increased Cpar to 1e-12
C5: Increased Cpar to 1e-12
C7: Increased Cpar to 1e-12
C8: Increased Cpar to 1e-12
C1: Increased Cpar to 3.3e-10
C6: Increased Cpar to 3.3e-10
C9: Increased Cpar to 3.3e-10
C11: Increased Cpar to 6.3e-10
C2: Increased Cpar to 1e-12
C12: Increased Cpar to 1e-12
C10: Increased Cpar to 1e-12
C13: Increased Cpar to 1e-12
C14: Increased Cpar to 3.3e-10
C3: Increased Cpar to 3.3e-10
Direct Newton iteration failed to find .op point.  (Use ".option noopiter" to skip.)
Starting Gmin stepping
Gmin = 10
Gmin = 1.07374
Gmin = 0.115292
Gmin = 0.0123794
Gmin = 0.00132923
Gmin = 0.000142725
Gmin = 1.5325e-05
Gmin = 1.6455e-06
Gmin = 1.76685e-07
Gmin = 1.89714e-08
Gmin = 2.03704e-09
Gmin = 2.18725e-10
Gmin = 2.34854e-11
Gmin = 2.52173e-12
Gmin = 2.70769e-13
Gmin = 0
Gmin stepping succeeded in finding the operating point.

Total elapsed time: 299.058 seconds.

Files loaded:
D:\daniel\projects\power_supply\hardware\simulations\output_stage2_simuasc.net
C:\Users\Daniel\AppData\Local\LTspice\lib\cmp\standard.dio
C:\Users\Daniel\AppData\Local\LTspice\lib\cmp\standard.mos
D:\daniel\projects\power_supply\hardware\simulations\TSB712.mod
C:\Users\Daniel\AppData\Local\LTspice\lib\sub\ADA4620.lib

